Archive member included to satisfy reference by file (symbol)

C:/Users/imprayudi/Documents/STM32CubeIDE/workspace/stm32f103cb-adc/Middlewares/ST/ARM/DSP/Lib/libarm_cortexM3l_math.a(arm_rfft_fast_init_f32.o)
                              Core/Src/main.o (arm_rfft_fast_init_f32)
C:/Users/imprayudi/Documents/STM32CubeIDE/workspace/stm32f103cb-adc/Middlewares/ST/ARM/DSP/Lib/libarm_cortexM3l_math.a(arm_rfft_fast_f32.o)
                              Core/Src/main.o (arm_rfft_fast_f32)
C:/Users/imprayudi/Documents/STM32CubeIDE/workspace/stm32f103cb-adc/Middlewares/ST/ARM/DSP/Lib/libarm_cortexM3l_math.a(arm_cfft_f32.o)
                              C:/Users/imprayudi/Documents/STM32CubeIDE/workspace/stm32f103cb-adc/Middlewares/ST/ARM/DSP/Lib/libarm_cortexM3l_math.a(arm_rfft_fast_f32.o) (arm_cfft_f32)
C:/Users/imprayudi/Documents/STM32CubeIDE/workspace/stm32f103cb-adc/Middlewares/ST/ARM/DSP/Lib/libarm_cortexM3l_math.a(arm_bitreversal2.o)
                              C:/Users/imprayudi/Documents/STM32CubeIDE/workspace/stm32f103cb-adc/Middlewares/ST/ARM/DSP/Lib/libarm_cortexM3l_math.a(arm_cfft_f32.o) (arm_bitreversal_32)
C:/Users/imprayudi/Documents/STM32CubeIDE/workspace/stm32f103cb-adc/Middlewares/ST/ARM/DSP/Lib/libarm_cortexM3l_math.a(arm_cmplx_mag_f32.o)
                              Core/Src/main.o (arm_cmplx_mag_f32)
C:/Users/imprayudi/Documents/STM32CubeIDE/workspace/stm32f103cb-adc/Middlewares/ST/ARM/DSP/Lib/libarm_cortexM3l_math.a(arm_common_tables.o)
                              C:/Users/imprayudi/Documents/STM32CubeIDE/workspace/stm32f103cb-adc/Middlewares/ST/ARM/DSP/Lib/libarm_cortexM3l_math.a(arm_rfft_fast_init_f32.o) (twiddleCoef_rfft_4096)
C:/Users/imprayudi/Documents/STM32CubeIDE/workspace/stm32f103cb-adc/Middlewares/ST/ARM/DSP/Lib/libarm_cortexM3l_math.a(arm_cfft_radix8_f32.o)
                              C:/Users/imprayudi/Documents/STM32CubeIDE/workspace/stm32f103cb-adc/Middlewares/ST/ARM/DSP/Lib/libarm_cortexM3l_math.a(arm_cfft_f32.o) (arm_radix8_butterfly_f32)
c:/st/stm32cubeide_1.1.0/stm32cubeide/plugins/com.st.stm32cube.ide.mcu.externaltools.gnu-tools-for-stm32.7-2018-q2-update.win32_1.4.0.202007081208/tools/bin/../lib/gcc/arm-none-eabi/7.3.1/../../../../arm-none-eabi/lib/thumb/v7-m\libc_nano.a(lib_a-errno.o)
                              Core/Src/syscalls.o (__errno)
c:/st/stm32cubeide_1.1.0/stm32cubeide/plugins/com.st.stm32cube.ide.mcu.externaltools.gnu-tools-for-stm32.7-2018-q2-update.win32_1.4.0.202007081208/tools/bin/../lib/gcc/arm-none-eabi/7.3.1/../../../../arm-none-eabi/lib/thumb/v7-m\libc_nano.a(lib_a-exit.o)
                              c:/st/stm32cubeide_1.1.0/stm32cubeide/plugins/com.st.stm32cube.ide.mcu.externaltools.gnu-tools-for-stm32.7-2018-q2-update.win32_1.4.0.202007081208/tools/bin/../lib/gcc/arm-none-eabi/7.3.1/../../../../arm-none-eabi/lib/thumb/v7-m/crt0.o (exit)
c:/st/stm32cubeide_1.1.0/stm32cubeide/plugins/com.st.stm32cube.ide.mcu.externaltools.gnu-tools-for-stm32.7-2018-q2-update.win32_1.4.0.202007081208/tools/bin/../lib/gcc/arm-none-eabi/7.3.1/../../../../arm-none-eabi/lib/thumb/v7-m\libc_nano.a(lib_a-impure.o)
                              c:/st/stm32cubeide_1.1.0/stm32cubeide/plugins/com.st.stm32cube.ide.mcu.externaltools.gnu-tools-for-stm32.7-2018-q2-update.win32_1.4.0.202007081208/tools/bin/../lib/gcc/arm-none-eabi/7.3.1/../../../../arm-none-eabi/lib/thumb/v7-m\libc_nano.a(lib_a-exit.o) (_global_impure_ptr)
c:/st/stm32cubeide_1.1.0/stm32cubeide/plugins/com.st.stm32cube.ide.mcu.externaltools.gnu-tools-for-stm32.7-2018-q2-update.win32_1.4.0.202007081208/tools/bin/../lib/gcc/arm-none-eabi/7.3.1/../../../../arm-none-eabi/lib/thumb/v7-m\libc_nano.a(lib_a-init.o)
                              c:/st/stm32cubeide_1.1.0/stm32cubeide/plugins/com.st.stm32cube.ide.mcu.externaltools.gnu-tools-for-stm32.7-2018-q2-update.win32_1.4.0.202007081208/tools/bin/../lib/gcc/arm-none-eabi/7.3.1/../../../../arm-none-eabi/lib/thumb/v7-m/crt0.o (__libc_init_array)
c:/st/stm32cubeide_1.1.0/stm32cubeide/plugins/com.st.stm32cube.ide.mcu.externaltools.gnu-tools-for-stm32.7-2018-q2-update.win32_1.4.0.202007081208/tools/bin/../lib/gcc/arm-none-eabi/7.3.1/../../../../arm-none-eabi/lib/thumb/v7-m\libc_nano.a(lib_a-memset.o)
                              c:/st/stm32cubeide_1.1.0/stm32cubeide/plugins/com.st.stm32cube.ide.mcu.externaltools.gnu-tools-for-stm32.7-2018-q2-update.win32_1.4.0.202007081208/tools/bin/../lib/gcc/arm-none-eabi/7.3.1/../../../../arm-none-eabi/lib/thumb/v7-m/crt0.o (memset)
c:/st/stm32cubeide_1.1.0/stm32cubeide/plugins/com.st.stm32cube.ide.mcu.externaltools.gnu-tools-for-stm32.7-2018-q2-update.win32_1.4.0.202007081208/tools/bin/../lib/gcc/arm-none-eabi/7.3.1/../../../../arm-none-eabi/lib/thumb/v7-m\libc_nano.a(lib_a-strlen.o)
                              Drivers/SSD1306/Src/fonts.o (strlen)
[...]
Memory Configuration

Name             Origin             Length             Attributes
RAM              0x0000000020000000 0x0000000000005000 xrw
FLASH            0x0000000008000000 0x0000000000020000 xr
*default*        0x0000000000000000 0xffffffffffffffff

Linker script and memory map

LOAD c:/st/stm32cubeide_1.1.0/stm32cubeide/plugins/com.st.stm32cube.ide.mcu.externaltools.gnu-tools-for-stm32.7-2018-q2-update.win32_1.4.0.202007081208/tools/bin/../lib/gcc/arm-none-eabi/7.3.1/thumb/v7-m/crti.o
LOAD c:/st/stm32cubeide_1.1.0/stm32cubeide/plugins/com.st.stm32cube.ide.mcu.externaltools.gnu-tools-for-stm32.7-2018-q2-update.win32_1.4.0.202007081208/tools/bin/../lib/gcc/arm-none-eabi/7.3.1/thumb/v7-m/crtbegin.o
LOAD c:/st/stm32cubeide_1.1.0/stm32cubeide/plugins/com.st.stm32cube.ide.mcu.externaltools.gnu-tools-for-stm32.7-2018-q2-update.win32_1.4.0.202007081208/tools/bin/../lib/gcc/arm-none-eabi/7.3.1/../../../../arm-none-eabi/lib/thumb/v7-m/crt0.o
LOAD Core/Src/main.o
LOAD Core/Src/stm32f1xx_hal_msp.o
LOAD Core/Src/stm32f1xx_it.o
LOAD Core/Src/syscalls.o
LOAD Core/Src/sysmem.o
LOAD Core/Src/system_stm32f1xx.o
LOAD Core/Startup/startup_stm32f103cbtx.o
LOAD Drivers/SSD1306/Src/fonts.o
LOAD Drivers/SSD1306/Src/ssd1306.o
LOAD Drivers/SSD1306/Src/test.o
LOAD Drivers/STM32F1xx_HAL_Driver/Src/stm32f1xx_hal.o
LOAD Drivers/STM32F1xx_HAL_Driver/Src/stm32f1xx_hal_adc.o
LOAD Drivers/STM32F1xx_HAL_Driver/Src/stm32f1xx_hal_adc_ex.o
LOAD Drivers/STM32F1xx_HAL_Driver/Src/stm32f1xx_hal_cortex.o
LOAD Drivers/STM32F1xx_HAL_Driver/Src/stm32f1xx_hal_dma.o
LOAD Drivers/STM32F1xx_HAL_Driver/Src/stm32f1xx_hal_exti.o
LOAD Drivers/STM32F1xx_HAL_Driver/Src/stm32f1xx_hal_flash.o
LOAD Drivers/STM32F1xx_HAL_Driver/Src/stm32f1xx_hal_flash_ex.o
LOAD Drivers/STM32F1xx_HAL_Driver/Src/stm32f1xx_hal_gpio.o
LOAD Drivers/STM32F1xx_HAL_Driver/Src/stm32f1xx_hal_gpio_ex.o
LOAD Drivers/STM32F1xx_HAL_Driver/Src/stm32f1xx_hal_i2c.o
LOAD Drivers/STM32F1xx_HAL_Driver/Src/stm32f1xx_hal_pwr.o
LOAD Drivers/STM32F1xx_HAL_Driver/Src/stm32f1xx_hal_rcc.o
LOAD Drivers/STM32F1xx_HAL_Driver/Src/stm32f1xx_hal_rcc_ex.o
LOAD Drivers/STM32F1xx_HAL_Driver/Src/stm32f1xx_hal_tim.o
LOAD Drivers/STM32F1xx_HAL_Driver/Src/stm32f1xx_hal_tim_ex.o
LOAD C:/Users/imprayudi/Documents/STM32CubeIDE/workspace/stm32f103cb-adc/Middlewares/ST/ARM/DSP/Lib/libarm_cortexM3l_math.a
START GROUP
LOAD c:/st/stm32cubeide_1.1.0/stm32cubeide/plugins/com.st.stm32cube.ide.mcu.externaltools.gnu-tools-for-stm32.7-2018-q2-update.win32_1.4.0.202007081208/tools/bin/../lib/gcc/arm-none-eabi/7.3.1/../../../../arm-none-eabi/lib/thumb/v7-m\libc_nano.a
LOAD c:/st/stm32cubeide_1.1.0/stm32cubeide/plugins/com.st.stm32cube.ide.mcu.externaltools.gnu-tools-for-stm32.7-2018-q2-update.win32_1.4.0.202007081208/tools/bin/../lib/gcc/arm-none-eabi/7.3.1/../../../../arm-none-eabi/lib/thumb/v7-m\libm.a
END GROUP
START GROUP
LOAD c:/st/stm32cubeide_1.1.0/stm32cubeide/plugins/com.st.stm32cube.ide.mcu.externaltools.gnu-tools-for-stm32.7-2018-q2-update.win32_1.4.0.202007081208/tools/bin/../lib/gcc/arm-none-eabi/7.3.1/thumb/v7-m\libgcc.a
LOAD c:/st/stm32cubeide_1.1.0/stm32cubeide/plugins/com.st.stm32cube.ide.mcu.externaltools.gnu-tools-for-stm32.7-2018-q2-update.win32_1.4.0.202007081208/tools/bin/../lib/gcc/arm-none-eabi/7.3.1/../../../../arm-none-eabi/lib/thumb/v7-m\libc_nano.a
END GROUP
START GROUP
LOAD c:/st/stm32cubeide_1.1.0/stm32cubeide/plugins/com.st.stm32cube.ide.mcu.externaltools.gnu-tools-for-stm32.7-2018-q2-update.win32_1.4.0.202007081208/tools/bin/../lib/gcc/arm-none-eabi/7.3.1/thumb/v7-m\libgcc.a
LOAD c:/st/stm32cubeide_1.1.0/stm32cubeide/plugins/com.st.stm32cube.ide.mcu.externaltools.gnu-tools-for-stm32.7-2018-q2-update.win32_1.4.0.202007081208/tools/bin/../lib/gcc/arm-none-eabi/7.3.1/../../../../arm-none-eabi/lib/thumb/v7-m\libc_nano.a
LOAD c:/st/stm32cubeide_1.1.0/stm32cubeide/plugins/com.st.stm32cube.ide.mcu.externaltools.gnu-tools-for-stm32.7-2018-q2-update.win32_1.4.0.202007081208/tools/bin/../lib/gcc/arm-none-eabi/7.3.1/../../../../arm-none-eabi/lib/thumb/v7-m\libnosys.a
END GROUP
START GROUP
LOAD c:/st/stm32cubeide_1.1.0/stm32cubeide/plugins/com.st.stm32cube.ide.mcu.externaltools.gnu-tools-for-stm32.7-2018-q2-update.win32_1.4.0.202007081208/tools/bin/../lib/gcc/arm-none-eabi/7.3.1/thumb/v7-m\libgcc.a
LOAD c:/st/stm32cubeide_1.1.0/stm32cubeide/plugins/com.st.stm32cube.ide.mcu.externaltools.gnu-tools-for-stm32.7-2018-q2-update.win32_1.4.0.202007081208/tools/bin/../lib/gcc/arm-none-eabi/7.3.1/../../../../arm-none-eabi/lib/thumb/v7-m\libc_nano.a
LOAD c:/st/stm32cubeide_1.1.0/stm32cubeide/plugins/com.st.stm32cube.ide.mcu.externaltools.gnu-tools-for-stm32.7-2018-q2-update.win32_1.4.0.202007081208/tools/bin/../lib/gcc/arm-none-eabi/7.3.1/../../../../arm-none-eabi/lib/thumb/v7-m\libnosys.a
END GROUP
LOAD c:/st/stm32cubeide_1.1.0/stm32cubeide/plugins/com.st.stm32cube.ide.mcu.externaltools.gnu-tools-for-stm32.7-2018-q2-update.win32_1.4.0.202007081208/tools/bin/../lib/gcc/arm-none-eabi/7.3.1/thumb/v7-m/crtend.o
LOAD c:/st/stm32cubeide_1.1.0/stm32cubeide/plugins/com.st.stm32cube.ide.mcu.externaltools.gnu-tools-for-stm32.7-2018-q2-update.win32_1.4.0.202007081208/tools/bin/../lib/gcc/arm-none-eabi/7.3.1/thumb/v7-m/crtn.o
                0x0000000020005000                _estack = (ORIGIN (RAM) + LENGTH (RAM))
                0x0000000000000200                _Min_Heap_Size = 0x200
                0x0000000000000400                _Min_Stack_Size = 0x400

.isr_vector     0x0000000008000000      0x10c
                0x0000000008000000                . = ALIGN (0x4)
 *(.isr_vector)
 .isr_vector    0x0000000008000000      0x10c Core/Startup/startup_stm32f103cbtx.o
                0x0000000008000000                g_pfnVectors
                0x000000000800010c                . = ALIGN (0x4)

.text           0x000000000800010c     0x5c9c
                0x000000000800010c                . = ALIGN (0x4)
 *(.text)
 .text          0x000000000800010c       0x40 c:/st/stm32cubeide_1.1.0/stm32cubeide/plugins/com.st.stm32cube.ide.mcu.externaltools.gnu-tools-for-stm32.7-2018-q2-update.win32_1.4.0.202007081208/tools/bin/../lib/gcc/arm-none-eabi/7.3.1/thumb/v7-m/crtbegin.o
 .text          0x000000000800014c      0x378 c:/st/stm32cubeide_1.1.0/stm32cubeide/plugins/com.st.stm32cube.ide.mcu.externaltools.gnu-tools-for-stm32.7-2018-q2-update.win32_1.4.0.202007081208/tools/bin/../lib/gcc/arm-none-eabi/7.3.1/thumb/v7-m\libgcc.a(_arm_addsubdf3.o)
                0x000000000800014c                __aeabi_drsub
                0x0000000008000154                __aeabi_dsub
                0x0000000008000154                __subdf3
                0x0000000008000158                __aeabi_dadd
                0x0000000008000158                __adddf3
                0x00000000080003d0                __floatunsidf
                0x00000000080003d0                __aeabi_ui2d
                0x00000000080003f0                __floatsidf
                0x00000000080003f0                __aeabi_i2d
                0x0000000008000414                __aeabi_f2d
                0x0000000008000414                __extendsfdf2
                0x0000000008000458                __floatundidf
                0x0000000008000458                __aeabi_ul2d
                0x0000000008000468                __floatdidf
                0x0000000008000468                __aeabi_l2d
 .text          0x00000000080004c4      0x424 c:/st/stm32cubeide_1.1.0/stm32cubeide/plugins/com.st.stm32cube.ide.mcu.externaltools.gnu-tools-for-stm32.7-2018-q2-update.win32_1.4.0.202007081208/tools/bin/../lib/gcc/arm-none-eabi/7.3.1/thumb/v7-m\libgcc.a(_arm_muldivdf3.o)
                0x00000000080004c4                __aeabi_dmul
                0x00000000080004c4                __muldf3
                0x0000000008000718                __divdf3
                0x0000000008000718                __aeabi_ddiv
 .text          0x00000000080008e8       0xa0 c:/st/stm32cubeide_1.1.0/stm32cubeide/plugins/com.st.stm32cube.ide.mcu.externaltools.gnu-tools-for-stm32.7-2018-q2-update.win32_1.4.0.202007081208/tools/bin/../lib/gcc/arm-none-eabi/7.3.1/thumb/v7-m\libgcc.a(_arm_truncdfsf2.o)
                0x00000000080008e8                __truncdfsf2
                0x00000000080008e8                __aeabi_d2f
 .text          0x0000000008000988      0x21c c:/st/stm32cubeide_1.1.0/stm32cubeide/plugins/com.st.stm32cube.ide.mcu.externaltools.gnu-tools-for-stm32.7-2018-q2-update.win32_1.4.0.202007081208/tools/bin/../lib/gcc/arm-none-eabi/7.3.1/thumb/v7-m\libgcc.a(_arm_addsubsf3.o)
                0x0000000008000988                __aeabi_frsub
                0x0000000008000990                __subsf3
                0x0000000008000990                __aeabi_fsub
                0x0000000008000994                __aeabi_fadd
                0x0000000008000994                __addsf3
                0x0000000008000af4                __aeabi_ui2f
                0x0000000008000af4                __floatunsisf
                0x0000000008000afc                __aeabi_i2f
                0x0000000008000afc                __floatsisf
                0x0000000008000b18                __aeabi_ul2f
                0x0000000008000b18                __floatundisf
                0x0000000008000b28                __aeabi_l2f
                0x0000000008000b28                __floatdisf
 .text          0x0000000008000ba4      0x2a0 c:/st/stm32cubeide_1.1.0/stm32cubeide/plugins/com.st.stm32cube.ide.mcu.externaltools.gnu-tools-for-stm32.7-2018-q2-update.win32_1.4.0.202007081208/tools/bin/../lib/gcc/arm-none-eabi/7.3.1/thumb/v7-m\libgcc.a(_arm_muldivsf3.o)
                0x0000000008000ba4                __mulsf3
                0x0000000008000ba4                __aeabi_fmul
                0x0000000008000d0c                __aeabi_fdiv
                0x0000000008000d0c                __divsf3
 .text          0x0000000008000e44       0xec c:/st/stm32cubeide_1.1.0/stm32cubeide/plugins/com.st.stm32cube.ide.mcu.externaltools.gnu-tools-for-stm32.7-2018-q2-update.win32_1.4.0.202007081208/tools/bin/../lib/gcc/arm-none-eabi/7.3.1/thumb/v7-m\libgcc.a(_arm_cmpsf2.o)
                0x0000000008000e44                __gesf2
                0x0000000008000e44                __gtsf2
                0x0000000008000e4c                __lesf2
                0x0000000008000e4c                __ltsf2
                0x0000000008000e54                __nesf2
                0x0000000008000e54                __eqsf2
                0x0000000008000e54                __cmpsf2
                0x0000000008000eb4                __aeabi_cfrcmple
                0x0000000008000ebc                __aeabi_cfcmpeq
                0x0000000008000ebc                __aeabi_cfcmple
                0x0000000008000ecc                __aeabi_fcmpeq
                0x0000000008000ee0                __aeabi_fcmplt
                0x0000000008000ef4                __aeabi_fcmple
                0x0000000008000f08                __aeabi_fcmpge
                0x0000000008000f1c                __aeabi_fcmpgt
 .text          0x0000000008000f30       0x2c c:/st/stm32cubeide_1.1.0/stm32cubeide/plugins/com.st.stm32cube.ide.mcu.externaltools.gnu-tools-for-stm32.7-2018-q2-update.win32_1.4.0.202007081208/tools/bin/../lib/gcc/arm-none-eabi/7.3.1/thumb/v7-m\libgcc.a(_arm_unordsf2.o)
                0x0000000008000f30                __unordsf2
                0x0000000008000f30                __aeabi_fcmpun
 .text          0x0000000008000f5c       0x40 c:/st/stm32cubeide_1.1.0/stm32cubeide/plugins/com.st.stm32cube.ide.mcu.externaltools.gnu-tools-for-stm32.7-2018-q2-update.win32_1.4.0.202007081208/tools/bin/../lib/gcc/arm-none-eabi/7.3.1/thumb/v7-m\libgcc.a(_arm_fixunssfsi.o)
                0x0000000008000f5c                __fixunssfsi
                0x0000000008000f5c                __aeabi_f2uiz
 *(.text*)
 .text.plotData
                0x0000000008000f9c       0x6c Core/Src/main.o
                0x0000000008000f9c                plotData
 .text.main     0x0000000008001008      0x108 Core/Src/main.o
                0x0000000008001008                main
 .text.SystemClock_Config
                0x0000000008001110       0xac Core/Src/main.o
                0x0000000008001110                SystemClock_Config
 .text.MX_ADC1_Init
                0x00000000080011bc       0x7c Core/Src/main.o
 .text.MX_I2C1_Init
                0x0000000008001238       0x5c Core/Src/main.o
 .text.MX_DMA_Init
                0x0000000008001294       0x3c Core/Src/main.o
 .text.MX_GPIO_Init
                0x00000000080012d0       0x98 Core/Src/main.o
 .text.HAL_ADC_ConvCpltCallback
                0x0000000008001368       0x20 Core/Src/main.o
                0x0000000008001368                HAL_ADC_ConvCpltCallback
 .text.Error_Handler
                0x0000000008001388        0xc Core/Src/main.o
                0x0000000008001388                Error_Handler
 .text.HAL_MspInit
                0x0000000008001394       0x64 Core/Src/stm32f1xx_hal_msp.o
                0x0000000008001394                HAL_MspInit
 .text.HAL_ADC_MspInit
                0x00000000080013f8       0xd0 Core/Src/stm32f1xx_hal_msp.o
                0x00000000080013f8                HAL_ADC_MspInit
 .text.HAL_I2C_MspInit
                0x00000000080014c8       0x7c Core/Src/stm32f1xx_hal_msp.o
                0x00000000080014c8                HAL_I2C_MspInit
 .text.NMI_Handler
                0x0000000008001544        0xc Core/Src/stm32f1xx_it.o
                0x0000000008001544                NMI_Handler
 .text.HardFault_Handler
                0x0000000008001550        0x6 Core/Src/stm32f1xx_it.o
                0x0000000008001550                HardFault_Handler
 .text.MemManage_Handler
                0x0000000008001556        0x6 Core/Src/stm32f1xx_it.o
                0x0000000008001556                MemManage_Handler
 .text.BusFault_Handler
                0x000000000800155c        0x6 Core/Src/stm32f1xx_it.o
                0x000000000800155c                BusFault_Handler
 .text.UsageFault_Handler
                0x0000000008001562        0x6 Core/Src/stm32f1xx_it.o
                0x0000000008001562                UsageFault_Handler
 .text.SVC_Handler
                0x0000000008001568        0xc Core/Src/stm32f1xx_it.o
                0x0000000008001568                SVC_Handler
 .text.DebugMon_Handler
                0x0000000008001574        0xc Core/Src/stm32f1xx_it.o
                0x0000000008001574                DebugMon_Handler
 .text.PendSV_Handler
                0x0000000008001580        0xc Core/Src/stm32f1xx_it.o
                0x0000000008001580                PendSV_Handler
 .text.SysTick_Handler
                0x000000000800158c        0xc Core/Src/stm32f1xx_it.o
                0x000000000800158c                SysTick_Handler
 .text.DMA1_Channel1_IRQHandler
                0x0000000008001598       0x14 Core/Src/stm32f1xx_it.o
                0x0000000008001598                DMA1_Channel1_IRQHandler
 .text.SystemInit
                0x00000000080015ac       0x68 Core/Src/system_stm32f1xx.o
                0x00000000080015ac                SystemInit
 .text.Reset_Handler
                0x0000000008001614       0x48 Core/Startup/startup_stm32f103cbtx.o
                0x0000000008001614                Reset_Handler
 .text.Default_Handler
                0x000000000800165c        0x2 Core/Startup/startup_stm32f103cbtx.o
                0x000000000800165c                RTC_Alarm_IRQHandler
                0x000000000800165c                EXTI2_IRQHandler
                0x000000000800165c                TIM1_CC_IRQHandler
                0x000000000800165c                PVD_IRQHandler
                0x000000000800165c                EXTI3_IRQHandler
                0x000000000800165c                EXTI0_IRQHandler
                0x000000000800165c                I2C2_EV_IRQHandler
                0x000000000800165c                ADC1_2_IRQHandler
                0x000000000800165c                SPI1_IRQHandler
                0x000000000800165c                TAMPER_IRQHandler
                0x000000000800165c                DMA1_Channel4_IRQHandler
                0x000000000800165c                USART3_IRQHandler
                0x000000000800165c                RTC_IRQHandler
                0x000000000800165c                DMA1_Channel7_IRQHandler
                0x000000000800165c                CAN1_RX1_IRQHandler
                0x000000000800165c                TIM4_IRQHandler
                0x000000000800165c                I2C1_EV_IRQHandler
                0x000000000800165c                DMA1_Channel6_IRQHandler
                0x000000000800165c                TIM3_IRQHandler
                0x000000000800165c                RCC_IRQHandler
                0x000000000800165c                TIM1_TRG_COM_IRQHandler
                0x000000000800165c                Default_Handler
                0x000000000800165c                EXTI15_10_IRQHandler
                0x000000000800165c                EXTI9_5_IRQHandler
                0x000000000800165c                SPI2_IRQHandler
                0x000000000800165c                DMA1_Channel5_IRQHandler
                0x000000000800165c                EXTI4_IRQHandler
                0x000000000800165c                USB_LP_CAN1_RX0_IRQHandler
                0x000000000800165c                USB_HP_CAN1_TX_IRQHandler
                0x000000000800165c                DMA1_Channel3_IRQHandler
                0x000000000800165c                TIM1_UP_IRQHandler
                0x000000000800165c                WWDG_IRQHandler
                0x000000000800165c                TIM2_IRQHandler
                0x000000000800165c                TIM1_BRK_IRQHandler
                0x000000000800165c                EXTI1_IRQHandler
                0x000000000800165c                USART2_IRQHandler
                0x000000000800165c                I2C2_ER_IRQHandler
                0x000000000800165c                DMA1_Channel2_IRQHandler
                0x000000000800165c                CAN1_SCE_IRQHandler
                0x000000000800165c                FLASH_IRQHandler
                0x000000000800165c                USART1_IRQHandler
                0x000000000800165c                I2C1_ER_IRQHandler
                0x000000000800165c                USBWakeUp_IRQHandler
 *fill*         0x000000000800165e        0x2 
 .text.SSD1306_Init
                0x0000000008001660      0x188 Drivers/SSD1306/Src/ssd1306.o
                0x0000000008001660                SSD1306_Init
 .text.SSD1306_UpdateScreen
                0x00000000080017e8       0x5c Drivers/SSD1306/Src/ssd1306.o
                0x00000000080017e8                SSD1306_UpdateScreen
 .text.SSD1306_Fill
                0x0000000008001844       0x30 Drivers/SSD1306/Src/ssd1306.o
                0x0000000008001844                SSD1306_Fill
 .text.SSD1306_DrawPixel
                0x0000000008001874       0xbc Drivers/SSD1306/Src/ssd1306.o
                0x0000000008001874                SSD1306_DrawPixel
 .text.SSD1306_DrawLine
                0x0000000008001930      0x1f6 Drivers/SSD1306/Src/ssd1306.o
                0x0000000008001930                SSD1306_DrawLine
 *fill*         0x0000000008001b26        0x2 
 .text.ssd1306_I2C_Init
                0x0000000008001b28       0x28 Drivers/SSD1306/Src/ssd1306.o
                0x0000000008001b28                ssd1306_I2C_Init
 .text.ssd1306_I2C_WriteMulti
                0x0000000008001b50       0x94 Drivers/SSD1306/Src/ssd1306.o
                0x0000000008001b50                ssd1306_I2C_WriteMulti
 .text.ssd1306_I2C_Write
                0x0000000008001be4       0x3c Drivers/SSD1306/Src/ssd1306.o
                0x0000000008001be4                ssd1306_I2C_Write
 .text.HAL_Init
                0x0000000008001c20       0x2c Drivers/STM32F1xx_HAL_Driver/Src/stm32f1xx_hal.o
                0x0000000008001c20                HAL_Init
 .text.HAL_InitTick
                0x0000000008001c4c       0x60 Drivers/STM32F1xx_HAL_Driver/Src/stm32f1xx_hal.o
                0x0000000008001c4c                HAL_InitTick
 .text.HAL_IncTick
                0x0000000008001cac       0x24 Drivers/STM32F1xx_HAL_Driver/Src/stm32f1xx_hal.o
                0x0000000008001cac                HAL_IncTick
 .text.HAL_GetTick
                0x0000000008001cd0       0x14 Drivers/STM32F1xx_HAL_Driver/Src/stm32f1xx_hal.o
                0x0000000008001cd0                HAL_GetTick
 .text.HAL_Delay
                0x0000000008001ce4       0x44 Drivers/STM32F1xx_HAL_Driver/Src/stm32f1xx_hal.o
                0x0000000008001ce4                HAL_Delay
 .text.HAL_ADC_Init
                0x0000000008001d28      0x1b0 Drivers/STM32F1xx_HAL_Driver/Src/stm32f1xx_hal_adc.o
                0x0000000008001d28                HAL_ADC_Init
 .text.HAL_ADC_Start_DMA
                0x0000000008001ed8      0x1bc Drivers/STM32F1xx_HAL_Driver/Src/stm32f1xx_hal_adc.o
                0x0000000008001ed8                HAL_ADC_Start_DMA
 .text.HAL_ADC_ConvHalfCpltCallback
                0x0000000008002094       0x12 Drivers/STM32F1xx_HAL_Driver/Src/stm32f1xx_hal_adc.o
                0x0000000008002094                HAL_ADC_ConvHalfCpltCallback
 .text.HAL_ADC_ErrorCallback
                0x00000000080020a6       0x12 Drivers/STM32F1xx_HAL_Driver/Src/stm32f1xx_hal_adc.o
                0x00000000080020a6                HAL_ADC_ErrorCallback
 .text.HAL_ADC_ConfigChannel
                0x00000000080020b8      0x1f0 Drivers/STM32F1xx_HAL_Driver/Src/stm32f1xx_hal_adc.o
                0x00000000080020b8                HAL_ADC_ConfigChannel
 .text.ADC_Enable
                0x00000000080022a8       0xa4 Drivers/STM32F1xx_HAL_Driver/Src/stm32f1xx_hal_adc.o
                0x00000000080022a8                ADC_Enable
 .text.ADC_ConversionStop_Disable
                0x000000000800234c       0x74 Drivers/STM32F1xx_HAL_Driver/Src/stm32f1xx_hal_adc.o
                0x000000000800234c                ADC_ConversionStop_Disable
 .text.ADC_DMAConvCplt
                0x00000000080023c0       0x7c Drivers/STM32F1xx_HAL_Driver/Src/stm32f1xx_hal_adc.o
                0x00000000080023c0                ADC_DMAConvCplt
 .text.ADC_DMAHalfConvCplt
                0x000000000800243c       0x1c Drivers/STM32F1xx_HAL_Driver/Src/stm32f1xx_hal_adc.o
                0x000000000800243c                ADC_DMAHalfConvCplt
 .text.ADC_DMAError
                0x0000000008002458       0x34 Drivers/STM32F1xx_HAL_Driver/Src/stm32f1xx_hal_adc.o
                0x0000000008002458                ADC_DMAError
 .text.__NVIC_SetPriorityGrouping
                0x000000000800248c       0x48 Drivers/STM32F1xx_HAL_Driver/Src/stm32f1xx_hal_cortex.o
 .text.__NVIC_GetPriorityGrouping
                0x00000000080024d4       0x1c Drivers/STM32F1xx_HAL_Driver/Src/stm32f1xx_hal_cortex.o
 .text.__NVIC_EnableIRQ
                0x00000000080024f0       0x38 Drivers/STM32F1xx_HAL_Driver/Src/stm32f1xx_hal_cortex.o
 .text.__NVIC_SetPriority
                0x0000000008002528       0x54 Drivers/STM32F1xx_HAL_Driver/Src/stm32f1xx_hal_cortex.o
 .text.NVIC_EncodePriority
                0x000000000800257c       0x64 Drivers/STM32F1xx_HAL_Driver/Src/stm32f1xx_hal_cortex.o
 .text.SysTick_Config
                0x00000000080025e0       0x44 Drivers/STM32F1xx_HAL_Driver/Src/stm32f1xx_hal_cortex.o
 .text.HAL_NVIC_SetPriorityGrouping
                0x0000000008002624       0x16 Drivers/STM32F1xx_HAL_Driver/Src/stm32f1xx_hal_cortex.o
                0x0000000008002624                HAL_NVIC_SetPriorityGrouping
 .text.HAL_NVIC_SetPriority
                0x000000000800263a       0x38 Drivers/STM32F1xx_HAL_Driver/Src/stm32f1xx_hal_cortex.o
                0x000000000800263a                HAL_NVIC_SetPriority
 .text.HAL_NVIC_EnableIRQ
                0x0000000008002672       0x1c Drivers/STM32F1xx_HAL_Driver/Src/stm32f1xx_hal_cortex.o
                0x0000000008002672                HAL_NVIC_EnableIRQ
 .text.HAL_SYSTICK_Config
                0x000000000800268e       0x18 Drivers/STM32F1xx_HAL_Driver/Src/stm32f1xx_hal_cortex.o
                0x000000000800268e                HAL_SYSTICK_Config
 *fill*         0x00000000080026a6        0x2 
 .text.HAL_DMA_Init
                0x00000000080026a8       0xb4 Drivers/STM32F1xx_HAL_Driver/Src/stm32f1xx_hal_dma.o
                0x00000000080026a8                HAL_DMA_Init
 .text.HAL_DMA_Start_IT
                0x000000000800275c       0xbe Drivers/STM32F1xx_HAL_Driver/Src/stm32f1xx_hal_dma.o
                0x000000000800275c                HAL_DMA_Start_IT
 *fill*         0x000000000800281a        0x2 
 .text.HAL_DMA_IRQHandler
                0x000000000800281c      0x20c Drivers/STM32F1xx_HAL_Driver/Src/stm32f1xx_hal_dma.o
                0x000000000800281c                HAL_DMA_IRQHandler
 .text.DMA_SetConfig
                0x0000000008002a28       0x5a Drivers/STM32F1xx_HAL_Driver/Src/stm32f1xx_hal_dma.o
 *fill*         0x0000000008002a82        0x2 
 .text.HAL_GPIO_Init
                0x0000000008002a84      0x2b4 Drivers/STM32F1xx_HAL_Driver/Src/stm32f1xx_hal_gpio.o
                0x0000000008002a84                HAL_GPIO_Init
 .text.HAL_GPIO_WritePin
                0x0000000008002d38       0x30 Drivers/STM32F1xx_HAL_Driver/Src/stm32f1xx_hal_gpio.o
                0x0000000008002d38                HAL_GPIO_WritePin
 .text.HAL_I2C_Init
                0x0000000008002d68      0x250 Drivers/STM32F1xx_HAL_Driver/Src/stm32f1xx_hal_i2c.o
                0x0000000008002d68                HAL_I2C_Init
 .text.HAL_I2C_Master_Transmit
                0x0000000008002fb8      0x1fc Drivers/STM32F1xx_HAL_Driver/Src/stm32f1xx_hal_i2c.o
                0x0000000008002fb8                HAL_I2C_Master_Transmit
 .text.HAL_I2C_IsDeviceReady
                0x00000000080031b4      0x244 Drivers/STM32F1xx_HAL_Driver/Src/stm32f1xx_hal_i2c.o
                0x00000000080031b4                HAL_I2C_IsDeviceReady
 .text.I2C_MasterRequestWrite
                0x00000000080033f8       0xec Drivers/STM32F1xx_HAL_Driver/Src/stm32f1xx_hal_i2c.o
 .text.I2C_WaitOnFlagUntilTimeout
                0x00000000080034e4       0xae Drivers/STM32F1xx_HAL_Driver/Src/stm32f1xx_hal_i2c.o
 .text.I2C_WaitOnMasterAddressFlagUntilTimeout
                0x0000000008003592       0xfe Drivers/STM32F1xx_HAL_Driver/Src/stm32f1xx_hal_i2c.o
 .text.I2C_WaitOnTXEFlagUntilTimeout
                0x0000000008003690       0x82 Drivers/STM32F1xx_HAL_Driver/Src/stm32f1xx_hal_i2c.o
 .text.I2C_WaitOnBTFFlagUntilTimeout
                0x0000000008003712       0x82 Drivers/STM32F1xx_HAL_Driver/Src/stm32f1xx_hal_i2c.o
 .text.I2C_IsAcknowledgeFailed
                0x0000000008003794       0x5c Drivers/STM32F1xx_HAL_Driver/Src/stm32f1xx_hal_i2c.o
 .text.HAL_RCC_OscConfig
                0x00000000080037f0      0x500 Drivers/STM32F1xx_HAL_Driver/Src/stm32f1xx_hal_rcc.o
                0x00000000080037f0                HAL_RCC_OscConfig
 .text.HAL_RCC_ClockConfig
                0x0000000008003cf0      0x1d4 Drivers/STM32F1xx_HAL_Driver/Src/stm32f1xx_hal_rcc.o
                0x0000000008003cf0                HAL_RCC_ClockConfig
 .text.HAL_RCC_GetSysClockFreq
                0x0000000008003ec4       0xc4 Drivers/STM32F1xx_HAL_Driver/Src/stm32f1xx_hal_rcc.o
                0x0000000008003ec4                HAL_RCC_GetSysClockFreq
 .text.HAL_RCC_GetHCLKFreq
                0x0000000008003f88       0x14 Drivers/STM32F1xx_HAL_Driver/Src/stm32f1xx_hal_rcc.o
                0x0000000008003f88                HAL_RCC_GetHCLKFreq
 .text.HAL_RCC_GetPCLK1Freq
                0x0000000008003f9c       0x28 Drivers/STM32F1xx_HAL_Driver/Src/stm32f1xx_hal_rcc.o
                0x0000000008003f9c                HAL_RCC_GetPCLK1Freq
 .text.RCC_Delay
                0x0000000008003fc4       0x3c Drivers/STM32F1xx_HAL_Driver/Src/stm32f1xx_hal_rcc.o
 .text.HAL_RCCEx_PeriphCLKConfig
                0x0000000008004000      0x16c Drivers/STM32F1xx_HAL_Driver/Src/stm32f1xx_hal_rcc_ex.o
                0x0000000008004000                HAL_RCCEx_PeriphCLKConfig
 .text.arm_rfft_32_fast_init_f32
                0x000000000800416c       0x34 C:/Users/imprayudi/Documents/STM32CubeIDE/workspace/stm32f103cb-adc/Middlewares/ST/ARM/DSP/Lib/libarm_cortexM3l_math.a(arm_rfft_fast_init_f32.o)
                0x000000000800416c                arm_rfft_32_fast_init_f32
 .text.arm_rfft_64_fast_init_f32
                0x00000000080041a0       0x34 C:/Users/imprayudi/Documents/STM32CubeIDE/workspace/stm32f103cb-adc/Middlewares/ST/ARM/DSP/Lib/libarm_cortexM3l_math.a(arm_rfft_fast_init_f32.o)
                0x00000000080041a0                arm_rfft_64_fast_init_f32
 .text.arm_rfft_256_fast_init_f32
                0x00000000080041d4       0x38 C:/Users/imprayudi/Documents/STM32CubeIDE/workspace/stm32f103cb-adc/Middlewares/ST/ARM/DSP/Lib/libarm_cortexM3l_math.a(arm_rfft_fast_init_f32.o)
                0x00000000080041d4                arm_rfft_256_fast_init_f32
 .text.arm_rfft_512_fast_init_f32
                0x000000000800420c       0x3c C:/Users/imprayudi/Documents/STM32CubeIDE/workspace/stm32f103cb-adc/Middlewares/ST/ARM/DSP/Lib/libarm_cortexM3l_math.a(arm_rfft_fast_init_f32.o)
                0x000000000800420c                arm_rfft_512_fast_init_f32
 .text.arm_rfft_1024_fast_init_f32
                0x0000000008004248       0x3c C:/Users/imprayudi/Documents/STM32CubeIDE/workspace/stm32f103cb-adc/Middlewares/ST/ARM/DSP/Lib/libarm_cortexM3l_math.a(arm_rfft_fast_init_f32.o)
                0x0000000008004248                arm_rfft_1024_fast_init_f32
 .text.arm_rfft_2048_fast_init_f32
                0x0000000008004284       0x3c C:/Users/imprayudi/Documents/STM32CubeIDE/workspace/stm32f103cb-adc/Middlewares/ST/ARM/DSP/Lib/libarm_cortexM3l_math.a(arm_rfft_fast_init_f32.o)
                0x0000000008004284                arm_rfft_2048_fast_init_f32
 .text.arm_rfft_4096_fast_init_f32
                0x00000000080042c0       0x3c C:/Users/imprayudi/Documents/STM32CubeIDE/workspace/stm32f103cb-adc/Middlewares/ST/ARM/DSP/Lib/libarm_cortexM3l_math.a(arm_rfft_fast_init_f32.o)
                0x00000000080042c0                arm_rfft_4096_fast_init_f32
 .text.arm_rfft_fast_init_f32
                0x00000000080042fc       0x68 C:/Users/imprayudi/Documents/STM32CubeIDE/workspace/stm32f103cb-adc/Middlewares/ST/ARM/DSP/Lib/libarm_cortexM3l_math.a(arm_rfft_fast_init_f32.o)
                0x00000000080042fc                arm_rfft_fast_init_f32
 .text.stage_rfft_f32
                0x0000000008004364      0x120 C:/Users/imprayudi/Documents/STM32CubeIDE/workspace/stm32f103cb-adc/Middlewares/ST/ARM/DSP/Lib/libarm_cortexM3l_math.a(arm_rfft_fast_f32.o)
                0x0000000008004364                stage_rfft_f32
 .text.merge_rfft_f32
                0x0000000008004484      0x114 C:/Users/imprayudi/Documents/STM32CubeIDE/workspace/stm32f103cb-adc/Middlewares/ST/ARM/DSP/Lib/libarm_cortexM3l_math.a(arm_rfft_fast_f32.o)
                0x0000000008004484                merge_rfft_f32
 .text.arm_rfft_fast_f32
                0x0000000008004598       0x40 C:/Users/imprayudi/Documents/STM32CubeIDE/workspace/stm32f103cb-adc/Middlewares/ST/ARM/DSP/Lib/libarm_cortexM3l_math.a(arm_rfft_fast_f32.o)
                0x0000000008004598                arm_rfft_fast_f32
 .text.arm_cfft_radix8by2_f32
                0x00000000080045d8      0x2a8 C:/Users/imprayudi/Documents/STM32CubeIDE/workspace/stm32f103cb-adc/Middlewares/ST/ARM/DSP/Lib/libarm_cortexM3l_math.a(arm_cfft_f32.o)
                0x00000000080045d8                arm_cfft_radix8by2_f32
 .text.arm_cfft_radix8by4_f32
                0x0000000008004880      0x738 C:/Users/imprayudi/Documents/STM32CubeIDE/workspace/stm32f103cb-adc/Middlewares/ST/ARM/DSP/Lib/libarm_cortexM3l_math.a(arm_cfft_f32.o)
                0x0000000008004880                arm_cfft_radix8by4_f32
 .text.arm_cfft_f32
                0x0000000008004fb8       0xf4 C:/Users/imprayudi/Documents/STM32CubeIDE/workspace/stm32f103cb-adc/Middlewares/ST/ARM/DSP/Lib/libarm_cortexM3l_math.a(arm_cfft_f32.o)
                0x0000000008004fb8                arm_cfft_f32
 .text.arm_bitreversal_32
                0x00000000080050ac       0x48 C:/Users/imprayudi/Documents/STM32CubeIDE/workspace/stm32f103cb-adc/Middlewares/ST/ARM/DSP/Lib/libarm_cortexM3l_math.a(arm_bitreversal2.o)
                0x00000000080050ac                arm_bitreversal_32
 .text.arm_cmplx_mag_f32
                0x00000000080050f4      0x188 C:/Users/imprayudi/Documents/STM32CubeIDE/workspace/stm32f103cb-adc/Middlewares/ST/ARM/DSP/Lib/libarm_cortexM3l_math.a(arm_cmplx_mag_f32.o)
                0x00000000080050f4                arm_cmplx_mag_f32
 .text.arm_radix8_butterfly_f32
                0x000000000800527c      0x970 C:/Users/imprayudi/Documents/STM32CubeIDE/workspace/stm32f103cb-adc/Middlewares/ST/ARM/DSP/Lib/libarm_cortexM3l_math.a(arm_cfft_radix8_f32.o)
                0x000000000800527c                arm_radix8_butterfly_f32
 .text.__errno  0x0000000008005bec        0xc c:/st/stm32cubeide_1.1.0/stm32cubeide/plugins/com.st.stm32cube.ide.mcu.externaltools.gnu-tools-for-stm32.7-2018-q2-update.win32_1.4.0.202007081208/tools/bin/../lib/gcc/arm-none-eabi/7.3.1/../../../../arm-none-eabi/lib/thumb/v7-m\libc_nano.a(lib_a-errno.o)
                0x0000000008005bec                __errno
 .text.__libc_init_array
                0x0000000008005bf8       0x48 c:/st/stm32cubeide_1.1.0/stm32cubeide/plugins/com.st.stm32cube.ide.mcu.externaltools.gnu-tools-for-stm32.7-2018-q2-update.win32_1.4.0.202007081208/tools/bin/../lib/gcc/arm-none-eabi/7.3.1/../../../../arm-none-eabi/lib/thumb/v7-m\libc_nano.a(lib_a-init.o)
                0x0000000008005bf8                __libc_init_array
 .text.memset   0x0000000008005c40       0x10 c:/st/stm32cubeide_1.1.0/stm32cubeide/plugins/com.st.stm32cube.ide.mcu.externaltools.gnu-tools-for-stm32.7-2018-q2-update.win32_1.4.0.202007081208/tools/bin/../lib/gcc/arm-none-eabi/7.3.1/../../../../arm-none-eabi/lib/thumb/v7-m\libc_nano.a(lib_a-memset.o)
                0x0000000008005c40                memset
 .text.sqrtf    0x0000000008005c50       0x94 c:/st/stm32cubeide_1.1.0/stm32cubeide/plugins/com.st.stm32cube.ide.mcu.externaltools.gnu-tools-for-stm32.7-2018-q2-update.win32_1.4.0.202007081208/tools/bin/../lib/gcc/arm-none-eabi/7.3.1/../../../../arm-none-eabi/lib/thumb/v7-m\libm.a(lib_a-wf_sqrt.o)
                0x0000000008005c50                sqrtf
 .text.__ieee754_sqrtf
                0x0000000008005ce4       0xa6 c:/st/stm32cubeide_1.1.0/stm32cubeide/plugins/com.st.stm32cube.ide.mcu.externaltools.gnu-tools-for-stm32.7-2018-q2-update.win32_1.4.0.202007081208/tools/bin/../lib/gcc/arm-none-eabi/7.3.1/../../../../arm-none-eabi/lib/thumb/v7-m\libm.a(lib_a-ef_sqrt.o)
                0x0000000008005ce4                __ieee754_sqrtf
 .text.matherr  0x0000000008005d8a        0x4 c:/st/stm32cubeide_1.1.0/stm32cubeide/plugins/com.st.stm32cube.ide.mcu.externaltools.gnu-tools-for-stm32.7-2018-q2-update.win32_1.4.0.202007081208/tools/bin/../lib/gcc/arm-none-eabi/7.3.1/../../../../arm-none-eabi/lib/thumb/v7-m\libm.a(lib_a-s_matherr.o)
                0x0000000008005d8a                matherr
 *(.glue_7)
 .glue_7        0x0000000008005d8e        0x0 linker stubs
 *(.glue_7t)
 .glue_7t       0x0000000008005d8e        0x0 linker stubs
 *(.eh_frame)
 *fill*         0x0000000008005d8e        0x2 
 .eh_frame      0x0000000008005d90        0x0 c:/st/stm32cubeide_1.1.0/stm32cubeide/plugins/com.st.stm32cube.ide.mcu.externaltools.gnu-tools-for-stm32.7-2018-q2-update.win32_1.4.0.202007081208/tools/bin/../lib/gcc/arm-none-eabi/7.3.1/thumb/v7-m/crtbegin.o
 *(.init)
 .init          0x0000000008005d90        0x4 c:/st/stm32cubeide_1.1.0/stm32cubeide/plugins/com.st.stm32cube.ide.mcu.externaltools.gnu-tools-for-stm32.7-2018-q2-update.win32_1.4.0.202007081208/tools/bin/../lib/gcc/arm-none-eabi/7.3.1/thumb/v7-m/crti.o
                0x0000000008005d90                _init
 .init          0x0000000008005d94        0x8 c:/st/stm32cubeide_1.1.0/stm32cubeide/plugins/com.st.stm32cube.ide.mcu.externaltools.gnu-tools-for-stm32.7-2018-q2-update.win32_1.4.0.202007081208/tools/bin/../lib/gcc/arm-none-eabi/7.3.1/thumb/v7-m/crtn.o
 *(.fini)
 .fini          0x0000000008005d9c        0x4 c:/st/stm32cubeide_1.1.0/stm32cubeide/plugins/com.st.stm32cube.ide.mcu.externaltools.gnu-tools-for-stm32.7-2018-q2-update.win32_1.4.0.202007081208/tools/bin/../lib/gcc/arm-none-eabi/7.3.1/thumb/v7-m/crti.o
                0x0000000008005d9c                _fini
 .fini          0x0000000008005da0        0x8 c:/st/stm32cubeide_1.1.0/stm32cubeide/plugins/com.st.stm32cube.ide.mcu.externaltools.gnu-tools-for-stm32.7-2018-q2-update.win32_1.4.0.202007081208/tools/bin/../lib/gcc/arm-none-eabi/7.3.1/thumb/v7-m/crtn.o
                0x0000000008005da8                . = ALIGN (0x4)
                0x0000000008005da8                _etext = .

.vfp11_veneer   0x0000000008005da8        0x0
 .vfp11_veneer  0x0000000008005da8        0x0 linker stubs

.v4_bx          0x0000000008005da8        0x0
 .v4_bx         0x0000000008005da8        0x0 linker stubs

.iplt           0x0000000008005da8        0x0
 .iplt          0x0000000008005da8        0x0 c:/st/stm32cubeide_1.1.0/stm32cubeide/plugins/com.st.stm32cube.ide.mcu.externaltools.gnu-tools-for-stm32.7-2018-q2-update.win32_1.4.0.202007081208/tools/bin/../lib/gcc/arm-none-eabi/7.3.1/thumb/v7-m/crtbegin.o

.rodata         0x0000000008005da8    0x1301c
                0x0000000008005da8                . = ALIGN (0x4)
 *(.rodata)
 .rodata        0x0000000008005da8       0x12 Drivers/STM32F1xx_HAL_Driver/Src/stm32f1xx_hal_rcc.o
 *(.rodata*)
 *fill*         0x0000000008005dba        0x2 
 .rodata.AHBPrescTable
                0x0000000008005dbc       0x10 Core/Src/system_stm32f1xx.o
                0x0000000008005dbc                AHBPrescTable
 .rodata.APBPrescTable
                0x0000000008005dcc        0x8 Core/Src/system_stm32f1xx.o
                0x0000000008005dcc                APBPrescTable
 .rodata.armBitRevIndexTable1024
                0x0000000008005dd4      0xe10 C:/Users/imprayudi/Documents/STM32CubeIDE/workspace/stm32f103cb-adc/Middlewares/ST/ARM/DSP/Lib/libarm_cortexM3l_math.a(arm_common_tables.o)
                0x0000000008005dd4                armBitRevIndexTable1024
 .rodata.armBitRevIndexTable128
                0x0000000008006be4      0x1a0 C:/Users/imprayudi/Documents/STM32CubeIDE/workspace/stm32f103cb-adc/Middlewares/ST/ARM/DSP/Lib/libarm_cortexM3l_math.a(arm_common_tables.o)
                0x0000000008006be4                armBitRevIndexTable128
 .rodata.armBitRevIndexTable16
                0x0000000008006d84       0x28 C:/Users/imprayudi/Documents/STM32CubeIDE/workspace/stm32f103cb-adc/Middlewares/ST/ARM/DSP/Lib/libarm_cortexM3l_math.a(arm_common_tables.o)
                0x0000000008006d84                armBitRevIndexTable16
 .rodata.armBitRevIndexTable2048
                0x0000000008006dac     0x1dc0 C:/Users/imprayudi/Documents/STM32CubeIDE/workspace/stm32f103cb-adc/Middlewares/ST/ARM/DSP/Lib/libarm_cortexM3l_math.a(arm_common_tables.o)
                0x0000000008006dac                armBitRevIndexTable2048
 .rodata.armBitRevIndexTable256
                0x0000000008008b6c      0x370 C:/Users/imprayudi/Documents/STM32CubeIDE/workspace/stm32f103cb-adc/Middlewares/ST/ARM/DSP/Lib/libarm_cortexM3l_math.a(arm_common_tables.o)
                0x0000000008008b6c                armBitRevIndexTable256
 .rodata.armBitRevIndexTable32
                0x0000000008008edc       0x60 C:/Users/imprayudi/Documents/STM32CubeIDE/workspace/stm32f103cb-adc/Middlewares/ST/ARM/DSP/Lib/libarm_cortexM3l_math.a(arm_common_tables.o)
                0x0000000008008edc                armBitRevIndexTable32
 .rodata.armBitRevIndexTable512
                0x0000000008008f3c      0x380 C:/Users/imprayudi/Documents/STM32CubeIDE/workspace/stm32f103cb-adc/Middlewares/ST/ARM/DSP/Lib/libarm_cortexM3l_math.a(arm_common_tables.o)
                0x0000000008008f3c                armBitRevIndexTable512
 .rodata.twiddleCoef_1024
                0x00000000080092bc     0x2000 C:/Users/imprayudi/Documents/STM32CubeIDE/workspace/stm32f103cb-adc/Middlewares/ST/ARM/DSP/Lib/libarm_cortexM3l_math.a(arm_common_tables.o)
                0x00000000080092bc                twiddleCoef_1024
 .rodata.twiddleCoef_128
                0x000000000800b2bc      0x400 C:/Users/imprayudi/Documents/STM32CubeIDE/workspace/stm32f103cb-adc/Middlewares/ST/ARM/DSP/Lib/libarm_cortexM3l_math.a(arm_common_tables.o)
                0x000000000800b2bc                twiddleCoef_128
 .rodata.twiddleCoef_16
                0x000000000800b6bc       0x80 C:/Users/imprayudi/Documents/STM32CubeIDE/workspace/stm32f103cb-adc/Middlewares/ST/ARM/DSP/Lib/libarm_cortexM3l_math.a(arm_common_tables.o)
                0x000000000800b6bc                twiddleCoef_16
 .rodata.twiddleCoef_2048
                0x000000000800b73c     0x4000 C:/Users/imprayudi/Documents/STM32CubeIDE/workspace/stm32f103cb-adc/Middlewares/ST/ARM/DSP/Lib/libarm_cortexM3l_math.a(arm_common_tables.o)
                0x000000000800b73c                twiddleCoef_2048
 .rodata.twiddleCoef_256
                0x000000000800f73c      0x800 C:/Users/imprayudi/Documents/STM32CubeIDE/workspace/stm32f103cb-adc/Middlewares/ST/ARM/DSP/Lib/libarm_cortexM3l_math.a(arm_common_tables.o)
                0x000000000800f73c                twiddleCoef_256
 .rodata.twiddleCoef_32
                0x000000000800ff3c      0x100 C:/Users/imprayudi/Documents/STM32CubeIDE/workspace/stm32f103cb-adc/Middlewares/ST/ARM/DSP/Lib/libarm_cortexM3l_math.a(arm_common_tables.o)
                0x000000000800ff3c                twiddleCoef_32
 .rodata.twiddleCoef_512
                0x000000000801003c     0x1000 C:/Users/imprayudi/Documents/STM32CubeIDE/workspace/stm32f103cb-adc/Middlewares/ST/ARM/DSP/Lib/libarm_cortexM3l_math.a(arm_common_tables.o)
                0x000000000801003c                twiddleCoef_512
 .rodata.twiddleCoef_rfft_1024
                0x000000000801103c     0x1000 C:/Users/imprayudi/Documents/STM32CubeIDE/workspace/stm32f103cb-adc/Middlewares/ST/ARM/DSP/Lib/libarm_cortexM3l_math.a(arm_common_tables.o)
                0x000000000801103c                twiddleCoef_rfft_1024
 .rodata.twiddleCoef_rfft_2048
                0x000000000801203c     0x2000 C:/Users/imprayudi/Documents/STM32CubeIDE/workspace/stm32f103cb-adc/Middlewares/ST/ARM/DSP/Lib/libarm_cortexM3l_math.a(arm_common_tables.o)
                0x000000000801203c                twiddleCoef_rfft_2048
 .rodata.twiddleCoef_rfft_256
                0x000000000801403c      0x400 C:/Users/imprayudi/Documents/STM32CubeIDE/workspace/stm32f103cb-adc/Middlewares/ST/ARM/DSP/Lib/libarm_cortexM3l_math.a(arm_common_tables.o)
                0x000000000801403c                twiddleCoef_rfft_256
 .rodata.twiddleCoef_rfft_32
                0x000000000801443c       0x80 C:/Users/imprayudi/Documents/STM32CubeIDE/workspace/stm32f103cb-adc/Middlewares/ST/ARM/DSP/Lib/libarm_cortexM3l_math.a(arm_common_tables.o)
                0x000000000801443c                twiddleCoef_rfft_32
 .rodata.twiddleCoef_rfft_4096
                0x00000000080144bc     0x4000 C:/Users/imprayudi/Documents/STM32CubeIDE/workspace/stm32f103cb-adc/Middlewares/ST/ARM/DSP/Lib/libarm_cortexM3l_math.a(arm_common_tables.o)
                0x00000000080144bc                twiddleCoef_rfft_4096
 .rodata.twiddleCoef_rfft_512
                0x00000000080184bc      0x800 C:/Users/imprayudi/Documents/STM32CubeIDE/workspace/stm32f103cb-adc/Middlewares/ST/ARM/DSP/Lib/libarm_cortexM3l_math.a(arm_common_tables.o)
                0x00000000080184bc                twiddleCoef_rfft_512
 .rodata.twiddleCoef_rfft_64
                0x0000000008018cbc      0x100 C:/Users/imprayudi/Documents/STM32CubeIDE/workspace/stm32f103cb-adc/Middlewares/ST/ARM/DSP/Lib/libarm_cortexM3l_math.a(arm_common_tables.o)
                0x0000000008018cbc                twiddleCoef_rfft_64
 .rodata.sqrtf.str1.1
                0x0000000008018dbc        0x6 c:/st/stm32cubeide_1.1.0/stm32cubeide/plugins/com.st.stm32cube.ide.mcu.externaltools.gnu-tools-for-stm32.7-2018-q2-update.win32_1.4.0.202007081208/tools/bin/../lib/gcc/arm-none-eabi/7.3.1/../../../../arm-none-eabi/lib/thumb/v7-m\libm.a(lib_a-wf_sqrt.o)
                0x0000000008018dc4                . = ALIGN (0x4)
 *fill*         0x0000000008018dc2        0x2 

.rel.dyn        0x0000000008018dc4        0x0
 .rel.iplt      0x0000000008018dc4        0x0 c:/st/stm32cubeide_1.1.0/stm32cubeide/plugins/com.st.stm32cube.ide.mcu.externaltools.gnu-tools-for-stm32.7-2018-q2-update.win32_1.4.0.202007081208/tools/bin/../lib/gcc/arm-none-eabi/7.3.1/thumb/v7-m/crtbegin.o

.ARM.extab      0x0000000008018dc4        0x0
                0x0000000008018dc4                . = ALIGN (0x4)
 *(.ARM.extab* .gnu.linkonce.armextab.*)
                0x0000000008018dc4                . = ALIGN (0x4)

.ARM            0x0000000008018dc4        0x0
                0x0000000008018dc4                . = ALIGN (0x4)
                0x0000000008018dc4                __exidx_start = .
 *(.ARM.exidx*)
                0x0000000008018dc4                __exidx_end = .
                0x0000000008018dc4                . = ALIGN (0x4)

.preinit_array  0x0000000008018dc4        0x0
                0x0000000008018dc4                . = ALIGN (0x4)
                0x0000000008018dc4                PROVIDE (__preinit_array_start = .)
 *(.preinit_array*)
                0x0000000008018dc4                PROVIDE (__preinit_array_end = .)
                0x0000000008018dc4                . = ALIGN (0x4)

.init_array     0x0000000008018dc4        0x4
                0x0000000008018dc4                . = ALIGN (0x4)
                0x0000000008018dc4                PROVIDE (__init_array_start = .)
 *(SORT_BY_NAME(.init_array.*))
 *(.init_array*)
 .init_array    0x0000000008018dc4        0x4 c:/st/stm32cubeide_1.1.0/stm32cubeide/plugins/com.st.stm32cube.ide.mcu.externaltools.gnu-tools-for-stm32.7-2018-q2-update.win32_1.4.0.202007081208/tools/bin/../lib/gcc/arm-none-eabi/7.3.1/thumb/v7-m/crtbegin.o
                0x0000000008018dc8                PROVIDE (__init_array_end = .)
                0x0000000008018dc8                . = ALIGN (0x4)

.fini_array     0x0000000008018dc8        0x4
                0x0000000008018dc8                . = ALIGN (0x4)
                [!provide]                        PROVIDE (__fini_array_start = .)
 *(SORT_BY_NAME(.fini_array.*))
 *(.fini_array*)
 .fini_array    0x0000000008018dc8        0x4 c:/st/stm32cubeide_1.1.0/stm32cubeide/plugins/com.st.stm32cube.ide.mcu.externaltools.gnu-tools-for-stm32.7-2018-q2-update.win32_1.4.0.202007081208/tools/bin/../lib/gcc/arm-none-eabi/7.3.1/thumb/v7-m/crtbegin.o
                [!provide]                        PROVIDE (__fini_array_end = .)
                0x0000000008018dcc                . = ALIGN (0x4)
                0x0000000008018dcc                _sidata = LOADADDR (.data)

.data           0x0000000020000000       0x74 load address 0x0000000008018dcc
                0x0000000020000000                . = ALIGN (0x4)
                0x0000000020000000                _sdata = .
 *(.data)
 *(.data*)
 .data.SystemCoreClock
                0x0000000020000000        0x4 Core/Src/system_stm32f1xx.o
                0x0000000020000000                SystemCoreClock
 .data.uwTickPrio
                0x0000000020000004        0x4 Drivers/STM32F1xx_HAL_Driver/Src/stm32f1xx_hal.o
                0x0000000020000004                uwTickPrio
 .data.uwTickFreq
                0x0000000020000008        0x1 Drivers/STM32F1xx_HAL_Driver/Src/stm32f1xx_hal.o
                0x0000000020000008                uwTickFreq
 *fill*         0x0000000020000009        0x3 
 .data._impure_ptr
                0x000000002000000c        0x4 c:/st/stm32cubeide_1.1.0/stm32cubeide/plugins/com.st.stm32cube.ide.mcu.externaltools.gnu-tools-for-stm32.7-2018-q2-update.win32_1.4.0.202007081208/tools/bin/../lib/gcc/arm-none-eabi/7.3.1/../../../../arm-none-eabi/lib/thumb/v7-m\libc_nano.a(lib_a-impure.o)
                0x000000002000000c                _impure_ptr
 .data.impure_data
                0x0000000020000010       0x60 c:/st/stm32cubeide_1.1.0/stm32cubeide/plugins/com.st.stm32cube.ide.mcu.externaltools.gnu-tools-for-stm32.7-2018-q2-update.win32_1.4.0.202007081208/tools/bin/../lib/gcc/arm-none-eabi/7.3.1/../../../../arm-none-eabi/lib/thumb/v7-m\libc_nano.a(lib_a-impure.o)
 .data.__fdlib_version
                0x0000000020000070        0x1 c:/st/stm32cubeide_1.1.0/stm32cubeide/plugins/com.st.stm32cube.ide.mcu.externaltools.gnu-tools-for-stm32.7-2018-q2-update.win32_1.4.0.202007081208/tools/bin/../lib/gcc/arm-none-eabi/7.3.1/../../../../arm-none-eabi/lib/thumb/v7-m\libm.a(lib_a-s_lib_ver.o)
                0x0000000020000070                __fdlib_version
                0x0000000020000074                . = ALIGN (0x4)
 *fill*         0x0000000020000071        0x3 
                0x0000000020000074                _edata = .

.igot.plt       0x0000000020000074        0x0 load address 0x0000000008018e40
 .igot.plt      0x0000000020000074        0x0 c:/st/stm32cubeide_1.1.0/stm32cubeide/plugins/com.st.stm32cube.ide.mcu.externaltools.gnu-tools-for-stm32.7-2018-q2-update.win32_1.4.0.202007081208/tools/bin/../lib/gcc/arm-none-eabi/7.3.1/thumb/v7-m/crtbegin.o
                0x0000000020000074                . = ALIGN (0x4)

.bss            0x0000000020000074     0x150c load address 0x0000000008018e40
                0x0000000020000074                _sbss = .
                0x0000000020000074                __bss_start__ = _sbss
 *(.bss)
 .bss           0x0000000020000074       0x1c c:/st/stm32cubeide_1.1.0/stm32cubeide/plugins/com.st.stm32cube.ide.mcu.externaltools.gnu-tools-for-stm32.7-2018-q2-update.win32_1.4.0.202007081208/tools/bin/../lib/gcc/arm-none-eabi/7.3.1/thumb/v7-m/crtbegin.o
 *(.bss*)
 .bss.SSD1306_Buffer
                0x0000000020000090      0x400 Drivers/SSD1306/Src/ssd1306.o
 .bss.SSD1306   0x0000000020000490        0x6 Drivers/SSD1306/Src/ssd1306.o
 *(COMMON)
 *fill*         0x0000000020000496        0x2 
 COMMON         0x0000000020000498     0x10e1 Core/Src/main.o
                0x0000000020000498                pDst
                0x0000000020000698                adcRawData
                0x0000000020000898                hi2c1
                0x00000000200008ec                pBuff
                0x00000000200010ec                pSrc
                0x00000000200014ec                S
                0x0000000020001504                hadc1
                0x0000000020001534                hdma_adc1
                0x0000000020001578                adcReadyFlag
 *fill*         0x0000000020001579        0x3 
 COMMON         0x000000002000157c        0x4 Drivers/STM32F1xx_HAL_Driver/Src/stm32f1xx_hal.o
                0x000000002000157c                uwTick
                0x0000000020001580                . = ALIGN (0x4)
                0x0000000020001580                _ebss = .
                0x0000000020001580                __bss_end__ = _ebss

._user_heap_stack
                0x0000000020001580      0x600 load address 0x0000000008018e40
                0x0000000020001580                . = ALIGN (0x8)
                [!provide]                        PROVIDE (end = .)
                0x0000000020001580                PROVIDE (_end = .)
                0x0000000020001780                . = (. + _Min_Heap_Size)
 *fill*         0x0000000020001580      0x200 
                0x0000000020001b80                . = (. + _Min_Stack_Size)
 *fill*         0x0000000020001780      0x400 
                0x0000000020001b80                . = ALIGN (0x8)

/DISCARD/
 libc.a(*)
 libm.a(*)
 libgcc.a(*)

.ARM.attributes
                0x0000000000000000       0x29
 *(.ARM.attributes)
 .ARM.attributes
                0x0000000000000000       0x1d c:/st/stm32cubeide_1.1.0/stm32cubeide/plugins/com.st.stm32cube.ide.mcu.externaltools.gnu-tools-for-stm32.7-2018-q2-update.win32_1.4.0.202007081208/tools/bin/../lib/gcc/arm-none-eabi/7.3.1/thumb/v7-m/crti.o
 .ARM.attributes
                0x000000000000001d       0x2d c:/st/stm32cubeide_1.1.0/stm32cubeide/plugins/com.st.stm32cube.ide.mcu.externaltools.gnu-tools-for-stm32.7-2018-q2-update.win32_1.4.0.202007081208/tools/bin/../lib/gcc/arm-none-eabi/7.3.1/thumb/v7-m/crtbegin.o
 .ARM.attributes
                0x000000000000004a       0x33 Core/Src/main.o
 .ARM.attributes
                0x000000000000007d       0x33 Core/Src/stm32f1xx_hal_msp.o
 .ARM.attributes
                0x00000000000000b0       0x33 Core/Src/stm32f1xx_it.o
 .ARM.attributes
                0x00000000000000e3       0x33 Core/Src/system_stm32f1xx.o
 .ARM.attributes
                0x0000000000000116       0x21 Core/Startup/startup_stm32f103cbtx.o
 .ARM.attributes
                0x0000000000000137       0x33 Drivers/SSD1306/Src/ssd1306.o
 .ARM.attributes
                0x000000000000016a       0x33 Drivers/STM32F1xx_HAL_Driver/Src/stm32f1xx_hal.o
 .ARM.attributes
                0x000000000000019d       0x33 Drivers/STM32F1xx_HAL_Driver/Src/stm32f1xx_hal_adc.o
 .ARM.attributes
                0x00000000000001d0       0x33 Drivers/STM32F1xx_HAL_Driver/Src/stm32f1xx_hal_cortex.o
 .ARM.attributes
                0x0000000000000203       0x33 Drivers/STM32F1xx_HAL_Driver/Src/stm32f1xx_hal_dma.o
 .ARM.attributes
                0x0000000000000236       0x33 Drivers/STM32F1xx_HAL_Driver/Src/stm32f1xx_hal_gpio.o
 .ARM.attributes
                0x0000000000000269       0x33 Drivers/STM32F1xx_HAL_Driver/Src/stm32f1xx_hal_i2c.o
 .ARM.attributes
                0x000000000000029c       0x33 Drivers/STM32F1xx_HAL_Driver/Src/stm32f1xx_hal_rcc.o
 .ARM.attributes
                0x00000000000002cf       0x33 Drivers/STM32F1xx_HAL_Driver/Src/stm32f1xx_hal_rcc_ex.o
 .ARM.attributes
                0x0000000000000302       0x2d C:/Users/imprayudi/Documents/STM32CubeIDE/workspace/stm32f103cb-adc/Middlewares/ST/ARM/DSP/Lib/libarm_cortexM3l_math.a(arm_rfft_fast_init_f32.o)
 .ARM.attributes
                0x000000000000032f       0x2d C:/Users/imprayudi/Documents/STM32CubeIDE/workspace/stm32f103cb-adc/Middlewares/ST/ARM/DSP/Lib/libarm_cortexM3l_math.a(arm_rfft_fast_f32.o)
 .ARM.attributes
                0x000000000000035c       0x2d C:/Users/imprayudi/Documents/STM32CubeIDE/workspace/stm32f103cb-adc/Middlewares/ST/ARM/DSP/Lib/libarm_cortexM3l_math.a(arm_cfft_f32.o)
 .ARM.attributes
                0x0000000000000389       0x2d C:/Users/imprayudi/Documents/STM32CubeIDE/workspace/stm32f103cb-adc/Middlewares/ST/ARM/DSP/Lib/libarm_cortexM3l_math.a(arm_bitreversal2.o)
 .ARM.attributes
                0x00000000000003b6       0x2d C:/Users/imprayudi/Documents/STM32CubeIDE/workspace/stm32f103cb-adc/Middlewares/ST/ARM/DSP/Lib/libarm_cortexM3l_math.a(arm_cmplx_mag_f32.o)
 .ARM.attributes
                0x00000000000003e3       0x33 C:/Users/imprayudi/Documents/STM32CubeIDE/workspace/stm32f103cb-adc/Middlewares/ST/ARM/DSP/Lib/libarm_cortexM3l_math.a(arm_common_tables.o)
 .ARM.attributes
                0x0000000000000416       0x2d C:/Users/imprayudi/Documents/STM32CubeIDE/workspace/stm32f103cb-adc/Middlewares/ST/ARM/DSP/Lib/libarm_cortexM3l_math.a(arm_cfft_radix8_f32.o)
 .ARM.attributes
                0x0000000000000443       0x2d c:/st/stm32cubeide_1.1.0/stm32cubeide/plugins/com.st.stm32cube.ide.mcu.externaltools.gnu-tools-for-stm32.7-2018-q2-update.win32_1.4.0.202007081208/tools/bin/../lib/gcc/arm-none-eabi/7.3.1/../../../../arm-none-eabi/lib/thumb/v7-m\libc_nano.a(lib_a-errno.o)
 .ARM.attributes
                0x0000000000000470       0x2d c:/st/stm32cubeide_1.1.0/stm32cubeide/plugins/com.st.stm32cube.ide.mcu.externaltools.gnu-tools-for-stm32.7-2018-q2-update.win32_1.4.0.202007081208/tools/bin/../lib/gcc/arm-none-eabi/7.3.1/../../../../arm-none-eabi/lib/thumb/v7-m\libc_nano.a(lib_a-impure.o)
 .ARM.attributes
                0x000000000000049d       0x2d c:/st/stm32cubeide_1.1.0/stm32cubeide/plugins/com.st.stm32cube.ide.mcu.externaltools.gnu-tools-for-stm32.7-2018-q2-update.win32_1.4.0.202007081208/tools/bin/../lib/gcc/arm-none-eabi/7.3.1/../../../../arm-none-eabi/lib/thumb/v7-m\libc_nano.a(lib_a-init.o)
 .ARM.attributes
                0x00000000000004ca       0x2d c:/st/stm32cubeide_1.1.0/stm32cubeide/plugins/com.st.stm32cube.ide.mcu.externaltools.gnu-tools-for-stm32.7-2018-q2-update.win32_1.4.0.202007081208/tools/bin/../lib/gcc/arm-none-eabi/7.3.1/../../../../arm-none-eabi/lib/thumb/v7-m\libc_nano.a(lib_a-memset.o)
 .ARM.attributes
                0x00000000000004f7       0x2d c:/st/stm32cubeide_1.1.0/stm32cubeide/plugins/com.st.stm32cube.ide.mcu.externaltools.gnu-tools-for-stm32.7-2018-q2-update.win32_1.4.0.202007081208/tools/bin/../lib/gcc/arm-none-eabi/7.3.1/../../../../arm-none-eabi/lib/thumb/v7-m\libm.a(lib_a-wf_sqrt.o)
 .ARM.attributes
                0x0000000000000524       0x2d c:/st/stm32cubeide_1.1.0/stm32cubeide/plugins/com.st.stm32cube.ide.mcu.externaltools.gnu-tools-for-stm32.7-2018-q2-update.win32_1.4.0.202007081208/tools/bin/../lib/gcc/arm-none-eabi/7.3.1/../../../../arm-none-eabi/lib/thumb/v7-m\libm.a(lib_a-ef_sqrt.o)
 .ARM.attributes
                0x0000000000000551       0x2d c:/st/stm32cubeide_1.1.0/stm32cubeide/plugins/com.st.stm32cube.ide.mcu.externaltools.gnu-tools-for-stm32.7-2018-q2-update.win32_1.4.0.202007081208/tools/bin/../lib/gcc/arm-none-eabi/7.3.1/../../../../arm-none-eabi/lib/thumb/v7-m\libm.a(lib_a-s_lib_ver.o)
 .ARM.attributes
                0x000000000000057e       0x2d c:/st/stm32cubeide_1.1.0/stm32cubeide/plugins/com.st.stm32cube.ide.mcu.externaltools.gnu-tools-for-stm32.7-2018-q2-update.win32_1.4.0.202007081208/tools/bin/../lib/gcc/arm-none-eabi/7.3.1/../../../../arm-none-eabi/lib/thumb/v7-m\libm.a(lib_a-s_matherr.o)
 .ARM.attributes
                0x00000000000005ab       0x1d c:/st/stm32cubeide_1.1.0/stm32cubeide/plugins/com.st.stm32cube.ide.mcu.externaltools.gnu-tools-for-stm32.7-2018-q2-update.win32_1.4.0.202007081208/tools/bin/../lib/gcc/arm-none-eabi/7.3.1/thumb/v7-m\libgcc.a(_arm_addsubdf3.o)
 .ARM.attributes
                0x00000000000005c8       0x1d c:/st/stm32cubeide_1.1.0/stm32cubeide/plugins/com.st.stm32cube.ide.mcu.externaltools.gnu-tools-for-stm32.7-2018-q2-update.win32_1.4.0.202007081208/tools/bin/../lib/gcc/arm-none-eabi/7.3.1/thumb/v7-m\libgcc.a(_arm_muldivdf3.o)
 .ARM.attributes
                0x00000000000005e5       0x1d c:/st/stm32cubeide_1.1.0/stm32cubeide/plugins/com.st.stm32cube.ide.mcu.externaltools.gnu-tools-for-stm32.7-2018-q2-update.win32_1.4.0.202007081208/tools/bin/../lib/gcc/arm-none-eabi/7.3.1/thumb/v7-m\libgcc.a(_arm_truncdfsf2.o)
 .ARM.attributes
                0x0000000000000602       0x1d c:/st/stm32cubeide_1.1.0/stm32cubeide/plugins/com.st.stm32cube.ide.mcu.externaltools.gnu-tools-for-stm32.7-2018-q2-update.win32_1.4.0.202007081208/tools/bin/../lib/gcc/arm-none-eabi/7.3.1/thumb/v7-m\libgcc.a(_arm_addsubsf3.o)
 .ARM.attributes
                0x000000000000061f       0x1d c:/st/stm32cubeide_1.1.0/stm32cubeide/plugins/com.st.stm32cube.ide.mcu.externaltools.gnu-tools-for-stm32.7-2018-q2-update.win32_1.4.0.202007081208/tools/bin/../lib/gcc/arm-none-eabi/7.3.1/thumb/v7-m\libgcc.a(_arm_muldivsf3.o)
 .ARM.attributes
                0x000000000000063c       0x1d c:/st/stm32cubeide_1.1.0/stm32cubeide/plugins/com.st.stm32cube.ide.mcu.externaltools.gnu-tools-for-stm32.7-2018-q2-update.win32_1.4.0.202007081208/tools/bin/../lib/gcc/arm-none-eabi/7.3.1/thumb/v7-m\libgcc.a(_arm_cmpsf2.o)
 .ARM.attributes
                0x0000000000000659       0x1d c:/st/stm32cubeide_1.1.0/stm32cubeide/plugins/com.st.stm32cube.ide.mcu.externaltools.gnu-tools-for-stm32.7-2018-q2-update.win32_1.4.0.202007081208/tools/bin/../lib/gcc/arm-none-eabi/7.3.1/thumb/v7-m\libgcc.a(_arm_unordsf2.o)
 .ARM.attributes
                0x0000000000000676       0x1d c:/st/stm32cubeide_1.1.0/stm32cubeide/plugins/com.st.stm32cube.ide.mcu.externaltools.gnu-tools-for-stm32.7-2018-q2-update.win32_1.4.0.202007081208/tools/bin/../lib/gcc/arm-none-eabi/7.3.1/thumb/v7-m\libgcc.a(_arm_fixunssfsi.o)
 .ARM.attributes
                0x0000000000000693       0x1d c:/st/stm32cubeide_1.1.0/stm32cubeide/plugins/com.st.stm32cube.ide.mcu.externaltools.gnu-tools-for-stm32.7-2018-q2-update.win32_1.4.0.202007081208/tools/bin/../lib/gcc/arm-none-eabi/7.3.1/thumb/v7-m/crtn.o
OUTPUT(stm32f103cb-adc.elf elf32-littlearm)

.debug_info     0x0000000000000000    0x1465d
 .debug_info    0x0000000000000000     0x18db Core/Src/main.o
 .debug_info    0x00000000000018db     0x1434 Core/Src/stm32f1xx_hal_msp.o
 .debug_info    0x0000000000002d0f      0xcfa Core/Src/stm32f1xx_it.o
 .debug_info    0x0000000000003a09      0x433 Core/Src/system_stm32f1xx.o
 .debug_info    0x0000000000003e3c       0x22 Core/Startup/startup_stm32f103cbtx.o
 .debug_info    0x0000000000003e5e     0x1880 Drivers/SSD1306/Src/ssd1306.o
 .debug_info    0x00000000000056de      0x6fe Drivers/STM32F1xx_HAL_Driver/Src/stm32f1xx_hal.o
 .debug_info    0x0000000000005ddc      0xc61 Drivers/STM32F1xx_HAL_Driver/Src/stm32f1xx_hal_adc.o
 .debug_info    0x0000000000006a3d      0xb46 Drivers/STM32F1xx_HAL_Driver/Src/stm32f1xx_hal_cortex.o
 .debug_info    0x0000000000007583      0x7a6 Drivers/STM32F1xx_HAL_Driver/Src/stm32f1xx_hal_dma.o
 .debug_info    0x0000000000007d29      0x681 Drivers/STM32F1xx_HAL_Driver/Src/stm32f1xx_hal_gpio.o
 .debug_info    0x00000000000083aa     0x2457 Drivers/STM32F1xx_HAL_Driver/Src/stm32f1xx_hal_i2c.o
 .debug_info    0x000000000000a801      0x804 Drivers/STM32F1xx_HAL_Driver/Src/stm32f1xx_hal_rcc.o
 .debug_info    0x000000000000b005      0x439 Drivers/STM32F1xx_HAL_Driver/Src/stm32f1xx_hal_rcc_ex.o
 .debug_info    0x000000000000b43e     0x192a C:/Users/imprayudi/Documents/STM32CubeIDE/workspace/stm32f103cb-adc/Middlewares/ST/ARM/DSP/Lib/libarm_cortexM3l_math.a(arm_rfft_fast_init_f32.o)
 .debug_info    0x000000000000cd68      0xf91 C:/Users/imprayudi/Documents/STM32CubeIDE/workspace/stm32f103cb-adc/Middlewares/ST/ARM/DSP/Lib/libarm_cortexM3l_math.a(arm_rfft_fast_f32.o)
 .debug_info    0x000000000000dcf9     0x1c6a C:/Users/imprayudi/Documents/STM32CubeIDE/workspace/stm32f103cb-adc/Middlewares/ST/ARM/DSP/Lib/libarm_cortexM3l_math.a(arm_cfft_f32.o)
 .debug_info    0x000000000000f963     0x16ac C:/Users/imprayudi/Documents/STM32CubeIDE/workspace/stm32f103cb-adc/Middlewares/ST/ARM/DSP/Lib/libarm_cortexM3l_math.a(arm_bitreversal2.o)
 .debug_info    0x000000000001100f      0xcd0 C:/Users/imprayudi/Documents/STM32CubeIDE/workspace/stm32f103cb-adc/Middlewares/ST/ARM/DSP/Lib/libarm_cortexM3l_math.a(arm_cmplx_mag_f32.o)
 .debug_info    0x0000000000011cdf     0x1a84 C:/Users/imprayudi/Documents/STM32CubeIDE/workspace/stm32f103cb-adc/Middlewares/ST/ARM/DSP/Lib/libarm_cortexM3l_math.a(arm_common_tables.o)
 .debug_info    0x0000000000013763      0xefa C:/Users/imprayudi/Documents/STM32CubeIDE/workspace/stm32f103cb-adc/Middlewares/ST/ARM/DSP/Lib/libarm_cortexM3l_math.a(arm_cfft_radix8_f32.o)

.debug_abbrev   0x0000000000000000     0x2c2d
 .debug_abbrev  0x0000000000000000      0x2e0 Core/Src/main.o
 .debug_abbrev  0x00000000000002e0      0x20a Core/Src/stm32f1xx_hal_msp.o
 .debug_abbrev  0x00000000000004ea      0x1d6 Core/Src/stm32f1xx_it.o
 .debug_abbrev  0x00000000000006c0      0x134 Core/Src/system_stm32f1xx.o
 .debug_abbrev  0x00000000000007f4       0x12 Core/Startup/startup_stm32f103cbtx.o
 .debug_abbrev  0x0000000000000806      0x2fa Drivers/SSD1306/Src/ssd1306.o
 .debug_abbrev  0x0000000000000b00      0x1d8 Drivers/STM32F1xx_HAL_Driver/Src/stm32f1xx_hal.o
 .debug_abbrev  0x0000000000000cd8      0x1d5 Drivers/STM32F1xx_HAL_Driver/Src/stm32f1xx_hal_adc.o
 .debug_abbrev  0x0000000000000ead      0x2d5 Drivers/STM32F1xx_HAL_Driver/Src/stm32f1xx_hal_cortex.o
 .debug_abbrev  0x0000000000001182      0x1fe Drivers/STM32F1xx_HAL_Driver/Src/stm32f1xx_hal_dma.o
 .debug_abbrev  0x0000000000001380      0x1c0 Drivers/STM32F1xx_HAL_Driver/Src/stm32f1xx_hal_gpio.o
 .debug_abbrev  0x0000000000001540      0x258 Drivers/STM32F1xx_HAL_Driver/Src/stm32f1xx_hal_i2c.o
 .debug_abbrev  0x0000000000001798      0x243 Drivers/STM32F1xx_HAL_Driver/Src/stm32f1xx_hal_rcc.o
 .debug_abbrev  0x00000000000019db      0x175 Drivers/STM32F1xx_HAL_Driver/Src/stm32f1xx_hal_rcc_ex.o
 .debug_abbrev  0x0000000000001b50      0x2a0 C:/Users/imprayudi/Documents/STM32CubeIDE/workspace/stm32f103cb-adc/Middlewares/ST/ARM/DSP/Lib/libarm_cortexM3l_math.a(arm_rfft_fast_init_f32.o)
 .debug_abbrev  0x0000000000001df0      0x2b8 C:/Users/imprayudi/Documents/STM32CubeIDE/workspace/stm32f103cb-adc/Middlewares/ST/ARM/DSP/Lib/libarm_cortexM3l_math.a(arm_rfft_fast_f32.o)
 .debug_abbrev  0x00000000000020a8      0x2ef C:/Users/imprayudi/Documents/STM32CubeIDE/workspace/stm32f103cb-adc/Middlewares/ST/ARM/DSP/Lib/libarm_cortexM3l_math.a(arm_cfft_f32.o)
 .debug_abbrev  0x0000000000002397      0x21a C:/Users/imprayudi/Documents/STM32CubeIDE/workspace/stm32f103cb-adc/Middlewares/ST/ARM/DSP/Lib/libarm_cortexM3l_math.a(arm_bitreversal2.o)
 .debug_abbrev  0x00000000000025b1      0x294 C:/Users/imprayudi/Documents/STM32CubeIDE/workspace/stm32f103cb-adc/Middlewares/ST/ARM/DSP/Lib/libarm_cortexM3l_math.a(arm_cmplx_mag_f32.o)
 .debug_abbrev  0x0000000000002845      0x1dd C:/Users/imprayudi/Documents/STM32CubeIDE/workspace/stm32f103cb-adc/Middlewares/ST/ARM/DSP/Lib/libarm_cortexM3l_math.a(arm_common_tables.o)
 .debug_abbrev  0x0000000000002a22      0x20b C:/Users/imprayudi/Documents/STM32CubeIDE/workspace/stm32f103cb-adc/Middlewares/ST/ARM/DSP/Lib/libarm_cortexM3l_math.a(arm_cfft_radix8_f32.o)

.debug_aranges  0x0000000000000000      0xa88
 .debug_aranges
                0x0000000000000000       0x60 Core/Src/main.o
 .debug_aranges
                0x0000000000000060       0x40 Core/Src/stm32f1xx_hal_msp.o
 .debug_aranges
                0x00000000000000a0       0x68 Core/Src/stm32f1xx_it.o
 .debug_aranges
                0x0000000000000108       0x28 Core/Src/system_stm32f1xx.o
 .debug_aranges
                0x0000000000000130       0x28 Core/Startup/startup_stm32f103cbtx.o
 .debug_aranges
                0x0000000000000158       0xf8 Drivers/SSD1306/Src/ssd1306.o
 .debug_aranges
                0x0000000000000250       0xe0 Drivers/STM32F1xx_HAL_Driver/Src/stm32f1xx_hal.o
 .debug_aranges
                0x0000000000000330       0xf0 Drivers/STM32F1xx_HAL_Driver/Src/stm32f1xx_hal_adc.o
 .debug_aranges
                0x0000000000000420      0x100 Drivers/STM32F1xx_HAL_Driver/Src/stm32f1xx_hal_cortex.o
 .debug_aranges
                0x0000000000000520       0x80 Drivers/STM32F1xx_HAL_Driver/Src/stm32f1xx_hal_dma.o
 .debug_aranges
                0x00000000000005a0       0x58 Drivers/STM32F1xx_HAL_Driver/Src/stm32f1xx_hal_gpio.o
 .debug_aranges
                0x00000000000005f8      0x290 Drivers/STM32F1xx_HAL_Driver/Src/stm32f1xx_hal_i2c.o
 .debug_aranges
                0x0000000000000888       0x90 Drivers/STM32F1xx_HAL_Driver/Src/stm32f1xx_hal_rcc.o
 .debug_aranges
                0x0000000000000918       0x30 Drivers/STM32F1xx_HAL_Driver/Src/stm32f1xx_hal_rcc_ex.o
 .debug_aranges
                0x0000000000000948       0x60 C:/Users/imprayudi/Documents/STM32CubeIDE/workspace/stm32f103cb-adc/Middlewares/ST/ARM/DSP/Lib/libarm_cortexM3l_math.a(arm_rfft_fast_init_f32.o)
 .debug_aranges
                0x00000000000009a8       0x30 C:/Users/imprayudi/Documents/STM32CubeIDE/workspace/stm32f103cb-adc/Middlewares/ST/ARM/DSP/Lib/libarm_cortexM3l_math.a(arm_rfft_fast_f32.o)
 .debug_aranges
                0x00000000000009d8       0x30 C:/Users/imprayudi/Documents/STM32CubeIDE/workspace/stm32f103cb-adc/Middlewares/ST/ARM/DSP/Lib/libarm_cortexM3l_math.a(arm_cfft_f32.o)
 .debug_aranges
                0x0000000000000a08       0x28 C:/Users/imprayudi/Documents/STM32CubeIDE/workspace/stm32f103cb-adc/Middlewares/ST/ARM/DSP/Lib/libarm_cortexM3l_math.a(arm_bitreversal2.o)
 .debug_aranges
                0x0000000000000a30       0x20 C:/Users/imprayudi/Documents/STM32CubeIDE/workspace/stm32f103cb-adc/Middlewares/ST/ARM/DSP/Lib/libarm_cortexM3l_math.a(arm_cmplx_mag_f32.o)
 .debug_aranges
                0x0000000000000a50       0x18 C:/Users/imprayudi/Documents/STM32CubeIDE/workspace/stm32f103cb-adc/Middlewares/ST/ARM/DSP/Lib/libarm_cortexM3l_math.a(arm_common_tables.o)
 .debug_aranges
                0x0000000000000a68       0x20 C:/Users/imprayudi/Documents/STM32CubeIDE/workspace/stm32f103cb-adc/Middlewares/ST/ARM/DSP/Lib/libarm_cortexM3l_math.a(arm_cfft_radix8_f32.o)

.debug_ranges   0x0000000000000000      0xa00
 .debug_ranges  0x0000000000000000       0x50 Core/Src/main.o
 .debug_ranges  0x0000000000000050       0x30 Core/Src/stm32f1xx_hal_msp.o
 .debug_ranges  0x0000000000000080       0x58 Core/Src/stm32f1xx_it.o
 .debug_ranges  0x00000000000000d8       0x18 Core/Src/system_stm32f1xx.o
 .debug_ranges  0x00000000000000f0       0x20 Core/Startup/startup_stm32f103cbtx.o
 .debug_ranges  0x0000000000000110       0xe8 Drivers/SSD1306/Src/ssd1306.o
 .debug_ranges  0x00000000000001f8       0xd0 Drivers/STM32F1xx_HAL_Driver/Src/stm32f1xx_hal.o
 .debug_ranges  0x00000000000002c8       0xe0 Drivers/STM32F1xx_HAL_Driver/Src/stm32f1xx_hal_adc.o
 .debug_ranges  0x00000000000003a8       0xf0 Drivers/STM32F1xx_HAL_Driver/Src/stm32f1xx_hal_cortex.o
 .debug_ranges  0x0000000000000498       0x70 Drivers/STM32F1xx_HAL_Driver/Src/stm32f1xx_hal_dma.o
 .debug_ranges  0x0000000000000508       0x48 Drivers/STM32F1xx_HAL_Driver/Src/stm32f1xx_hal_gpio.o
 .debug_ranges  0x0000000000000550      0x2a0 Drivers/STM32F1xx_HAL_Driver/Src/stm32f1xx_hal_i2c.o
 .debug_ranges  0x00000000000007f0       0x80 Drivers/STM32F1xx_HAL_Driver/Src/stm32f1xx_hal_rcc.o
 .debug_ranges  0x0000000000000870       0x20 Drivers/STM32F1xx_HAL_Driver/Src/stm32f1xx_hal_rcc_ex.o
 .debug_ranges  0x0000000000000890       0x50 C:/Users/imprayudi/Documents/STM32CubeIDE/workspace/stm32f103cb-adc/Middlewares/ST/ARM/DSP/Lib/libarm_cortexM3l_math.a(arm_rfft_fast_init_f32.o)
 .debug_ranges  0x00000000000008e0       0x20 C:/Users/imprayudi/Documents/STM32CubeIDE/workspace/stm32f103cb-adc/Middlewares/ST/ARM/DSP/Lib/libarm_cortexM3l_math.a(arm_rfft_fast_f32.o)
 .debug_ranges  0x0000000000000900       0x20 C:/Users/imprayudi/Documents/STM32CubeIDE/workspace/stm32f103cb-adc/Middlewares/ST/ARM/DSP/Lib/libarm_cortexM3l_math.a(arm_cfft_f32.o)
 .debug_ranges  0x0000000000000920       0x18 C:/Users/imprayudi/Documents/STM32CubeIDE/workspace/stm32f103cb-adc/Middlewares/ST/ARM/DSP/Lib/libarm_cortexM3l_math.a(arm_bitreversal2.o)
 .debug_ranges  0x0000000000000938       0xb8 C:/Users/imprayudi/Documents/STM32CubeIDE/workspace/stm32f103cb-adc/Middlewares/ST/ARM/DSP/Lib/libarm_cortexM3l_math.a(arm_cmplx_mag_f32.o)
 .debug_ranges  0x00000000000009f0       0x10 C:/Users/imprayudi/Documents/STM32CubeIDE/workspace/stm32f103cb-adc/Middlewares/ST/ARM/DSP/Lib/libarm_cortexM3l_math.a(arm_cfft_radix8_f32.o)

.debug_macro    0x0000000000000000    0x1452e
 .debug_macro   0x0000000000000000      0x2fe Core/Src/main.o
 .debug_macro   0x00000000000002fe      0xa60 Core/Src/main.o
 .debug_macro   0x0000000000000d5e      0x221 Core/Src/main.o
 .debug_macro   0x0000000000000f7f       0x2e Core/Src/main.o
 .debug_macro   0x0000000000000fad       0x22 Core/Src/main.o
 .debug_macro   0x0000000000000fcf       0x22 Core/Src/main.o
 .debug_macro   0x0000000000000ff1       0x8e Core/Src/main.o
 .debug_macro   0x000000000000107f       0x51 Core/Src/main.o
 .debug_macro   0x00000000000010d0       0xef Core/Src/main.o
 .debug_macro   0x00000000000011bf       0x6a Core/Src/main.o
 .debug_macro   0x0000000000001229      0x1df Core/Src/main.o
 .debug_macro   0x0000000000001408       0x1c Core/Src/main.o
 .debug_macro   0x0000000000001424       0x22 Core/Src/main.o
 .debug_macro   0x0000000000001446       0xc3 Core/Src/main.o
 .debug_macro   0x0000000000001509      0xd23 Core/Src/main.o
 .debug_macro   0x000000000000222c     0xe09e Core/Src/main.o
 .debug_macro   0x00000000000102ca       0x43 Core/Src/main.o
 .debug_macro   0x000000000001030d      0x174 Core/Src/main.o
 .debug_macro   0x0000000000010481       0x5a Core/Src/main.o
 .debug_macro   0x00000000000104db      0x5be Core/Src/main.o
 .debug_macro   0x0000000000010a99      0x289 Core/Src/main.o
 .debug_macro   0x0000000000010d22      0x1cb Core/Src/main.o
 .debug_macro   0x0000000000010eed      0x114 Core/Src/main.o
 .debug_macro   0x0000000000011001      0x1b2 Core/Src/main.o
 .debug_macro   0x00000000000111b3       0x27 Core/Src/main.o
 .debug_macro   0x00000000000111da      0x136 Core/Src/main.o
 .debug_macro   0x0000000000011310      0x1bc Core/Src/main.o
 .debug_macro   0x00000000000114cc       0x34 Core/Src/main.o
 .debug_macro   0x0000000000011500       0x3c Core/Src/main.o
 .debug_macro   0x000000000001153c       0x57 Core/Src/main.o
 .debug_macro   0x0000000000011593      0x46a Core/Src/main.o
 .debug_macro   0x00000000000119fd      0x1b5 Core/Src/main.o
 .debug_macro   0x0000000000011bb2       0x88 Core/Src/main.o
 .debug_macro   0x0000000000011c3a      0x241 Core/Src/main.o
 .debug_macro   0x0000000000011e7b      0x280 Core/Src/main.o
 .debug_macro   0x00000000000120fb      0x141 Core/Src/main.o
 .debug_macro   0x000000000001223c       0x83 Core/Src/main.o
 .debug_macro   0x00000000000122bf       0x46 Core/Src/main.o
 .debug_macro   0x0000000000012305       0x18 Core/Src/main.o
 .debug_macro   0x000000000001231d       0x3c Core/Src/main.o
 .debug_macro   0x0000000000012359       0x34 Core/Src/main.o
 .debug_macro   0x000000000001238d       0x52 Core/Src/main.o
 .debug_macro   0x00000000000123df       0x1f Core/Src/main.o
 .debug_macro   0x00000000000123fe       0x43 Core/Src/main.o
 .debug_macro   0x0000000000012441       0x20 Core/Src/main.o
 .debug_macro   0x0000000000012461      0x1a3 Core/Src/main.o
 .debug_macro   0x0000000000012604      0x32a Core/Src/main.o
 .debug_macro   0x000000000001292e       0x10 Core/Src/main.o
 .debug_macro   0x000000000001293e       0x35 Core/Src/main.o
 .debug_macro   0x0000000000012973       0x20 Core/Src/main.o
 .debug_macro   0x0000000000012993       0x16 Core/Src/main.o
 .debug_macro   0x00000000000129a9       0x16 Core/Src/main.o
 .debug_macro   0x00000000000129bf       0x29 Core/Src/main.o
 .debug_macro   0x00000000000129e8       0x1d Core/Src/main.o
 .debug_macro   0x0000000000012a05       0x12 Core/Src/main.o
 .debug_macro   0x0000000000012a17      0x1e1 Core/Src/main.o
 .debug_macro   0x0000000000012bf8       0xe4 Core/Src/main.o
 .debug_macro   0x0000000000012cdc       0x10 Core/Src/main.o
 .debug_macro   0x0000000000012cec      0x2f2 Core/Src/stm32f1xx_hal_msp.o
 .debug_macro   0x0000000000012fde      0x2fc Core/Src/stm32f1xx_it.o
 .debug_macro   0x00000000000132da      0x19f Core/Src/system_stm32f1xx.o
 .debug_macro   0x0000000000013479      0x2ef Drivers/SSD1306/Src/ssd1306.o
 .debug_macro   0x0000000000013768      0x1bd Drivers/STM32F1xx_HAL_Driver/Src/stm32f1xx_hal.o
 .debug_macro   0x0000000000013925      0x1b6 Drivers/STM32F1xx_HAL_Driver/Src/stm32f1xx_hal_adc.o
 .debug_macro   0x0000000000013adb      0x199 Drivers/STM32F1xx_HAL_Driver/Src/stm32f1xx_hal_cortex.o
 .debug_macro   0x0000000000013c74      0x199 Drivers/STM32F1xx_HAL_Driver/Src/stm32f1xx_hal_dma.o
 .debug_macro   0x0000000000013e0d      0x204 Drivers/STM32F1xx_HAL_Driver/Src/stm32f1xx_hal_gpio.o
 .debug_macro   0x0000000000014011      0x1d9 Drivers/STM32F1xx_HAL_Driver/Src/stm32f1xx_hal_i2c.o
 .debug_macro   0x00000000000141ea      0x1ab Drivers/STM32F1xx_HAL_Driver/Src/stm32f1xx_hal_rcc.o
 .debug_macro   0x0000000000014395      0x199 Drivers/STM32F1xx_HAL_Driver/Src/stm32f1xx_hal_rcc_ex.o

.debug_line     0x0000000000000000     0xc868
 .debug_line    0x0000000000000000      0x977 Core/Src/main.o
 .debug_line    0x0000000000000977      0x8c4 Core/Src/stm32f1xx_hal_msp.o
 .debug_line    0x000000000000123b      0x913 Core/Src/stm32f1xx_it.o
 .debug_line    0x0000000000001b4e      0x666 Core/Src/system_stm32f1xx.o
 .debug_line    0x00000000000021b4       0x84 Core/Startup/startup_stm32f103cbtx.o
 .debug_line    0x0000000000002238      0xc8a Drivers/SSD1306/Src/ssd1306.o
 .debug_line    0x0000000000002ec2      0x80e Drivers/STM32F1xx_HAL_Driver/Src/stm32f1xx_hal.o
 .debug_line    0x00000000000036d0      0xb60 Drivers/STM32F1xx_HAL_Driver/Src/stm32f1xx_hal_adc.o
 .debug_line    0x0000000000004230      0x8e7 Drivers/STM32F1xx_HAL_Driver/Src/stm32f1xx_hal_cortex.o
 .debug_line    0x0000000000004b17      0xa75 Drivers/STM32F1xx_HAL_Driver/Src/stm32f1xx_hal_dma.o
 .debug_line    0x000000000000558c      0x80e Drivers/STM32F1xx_HAL_Driver/Src/stm32f1xx_hal_gpio.o
 .debug_line    0x0000000000005d9a     0x1ad1 Drivers/STM32F1xx_HAL_Driver/Src/stm32f1xx_hal_i2c.o
 .debug_line    0x000000000000786b      0x8d0 Drivers/STM32F1xx_HAL_Driver/Src/stm32f1xx_hal_rcc.o
 .debug_line    0x000000000000813b      0x6ee Drivers/STM32F1xx_HAL_Driver/Src/stm32f1xx_hal_rcc_ex.o
 .debug_line    0x0000000000008829      0x5f0 C:/Users/imprayudi/Documents/STM32CubeIDE/workspace/stm32f103cb-adc/Middlewares/ST/ARM/DSP/Lib/libarm_cortexM3l_math.a(arm_rfft_fast_init_f32.o)
 .debug_line    0x0000000000008e19      0x5bd C:/Users/imprayudi/Documents/STM32CubeIDE/workspace/stm32f103cb-adc/Middlewares/ST/ARM/DSP/Lib/libarm_cortexM3l_math.a(arm_rfft_fast_f32.o)
 .debug_line    0x00000000000093d6     0x1469 C:/Users/imprayudi/Documents/STM32CubeIDE/workspace/stm32f103cb-adc/Middlewares/ST/ARM/DSP/Lib/libarm_cortexM3l_math.a(arm_cfft_f32.o)
 .debug_line    0x000000000000a83f      0x356 C:/Users/imprayudi/Documents/STM32CubeIDE/workspace/stm32f103cb-adc/Middlewares/ST/ARM/DSP/Lib/libarm_cortexM3l_math.a(arm_bitreversal2.o)
 .debug_line    0x000000000000ab95      0x4c1 C:/Users/imprayudi/Documents/STM32CubeIDE/workspace/stm32f103cb-adc/Middlewares/ST/ARM/DSP/Lib/libarm_cortexM3l_math.a(arm_cmplx_mag_f32.o)
 .debug_line    0x000000000000b056      0x243 C:/Users/imprayudi/Documents/STM32CubeIDE/workspace/stm32f103cb-adc/Middlewares/ST/ARM/DSP/Lib/libarm_cortexM3l_math.a(arm_common_tables.o)
 .debug_line    0x000000000000b299     0x15cf C:/Users/imprayudi/Documents/STM32CubeIDE/workspace/stm32f103cb-adc/Middlewares/ST/ARM/DSP/Lib/libarm_cortexM3l_math.a(arm_cfft_radix8_f32.o)

.debug_str      0x0000000000000000    0x70914
 .debug_str     0x0000000000000000    0x6d7e3 Core/Src/main.o
                                      0x6dc88 (size before relaxing)
 .debug_str     0x000000000006d7e3       0xa3 Core/Src/stm32f1xx_hal_msp.o
                                      0x6d64f (size before relaxing)
 .debug_str     0x000000000006d886       0xd6 Core/Src/stm32f1xx_it.o
                                      0x6d20e (size before relaxing)
 .debug_str     0x000000000006d95c       0xc2 Core/Src/system_stm32f1xx.o
                                      0x68f8e (size before relaxing)
 .debug_str     0x000000000006da1e       0x36 Core/Startup/startup_stm32f103cbtx.o
                                         0x80 (size before relaxing)
 .debug_str     0x000000000006da54      0x501 Drivers/SSD1306/Src/ssd1306.o
                                      0x6c98e (size before relaxing)
 .debug_str     0x000000000006df55      0x3c5 Drivers/STM32F1xx_HAL_Driver/Src/stm32f1xx_hal.o
                                      0x6959f (size before relaxing)
 .debug_str     0x000000000006e31a      0x343 Drivers/STM32F1xx_HAL_Driver/Src/stm32f1xx_hal_adc.o
                                      0x695a4 (size before relaxing)
 .debug_str     0x000000000006e65d      0x2c8 Drivers/STM32F1xx_HAL_Driver/Src/stm32f1xx_hal_cortex.o
                                      0x695ad (size before relaxing)
 .debug_str     0x000000000006e925      0x23f Drivers/STM32F1xx_HAL_Driver/Src/stm32f1xx_hal_dma.o
                                      0x692ef (size before relaxing)
 .debug_str     0x000000000006eb64      0x31f Drivers/STM32F1xx_HAL_Driver/Src/stm32f1xx_hal_gpio.o
                                      0x692d8 (size before relaxing)
 .debug_str     0x000000000006ee83      0xb62 Drivers/STM32F1xx_HAL_Driver/Src/stm32f1xx_hal_i2c.o
                                      0x69f04 (size before relaxing)
 .debug_str     0x000000000006f9e5      0x258 Drivers/STM32F1xx_HAL_Driver/Src/stm32f1xx_hal_rcc.o
                                      0x69311 (size before relaxing)
 .debug_str     0x000000000006fc3d       0xb9 Drivers/STM32F1xx_HAL_Driver/Src/stm32f1xx_hal_rcc_ex.o
                                      0x6909e (size before relaxing)
 .debug_str     0x000000000006fcf6      0x93d C:/Users/imprayudi/Documents/STM32CubeIDE/workspace/stm32f103cb-adc/Middlewares/ST/ARM/DSP/Lib/libarm_cortexM3l_math.a(arm_rfft_fast_init_f32.o)
                                        0xf13 (size before relaxing)
 .debug_str     0x0000000000070633       0x86 C:/Users/imprayudi/Documents/STM32CubeIDE/workspace/stm32f103cb-adc/Middlewares/ST/ARM/DSP/Lib/libarm_cortexM3l_math.a(arm_rfft_fast_f32.o)
                                        0x711 (size before relaxing)
 .debug_str     0x00000000000706b9      0x10e C:/Users/imprayudi/Documents/STM32CubeIDE/workspace/stm32f103cb-adc/Middlewares/ST/ARM/DSP/Lib/libarm_cortexM3l_math.a(arm_cfft_f32.o)
                                        0xe56 (size before relaxing)
 .debug_str     0x00000000000707c7       0x5b C:/Users/imprayudi/Documents/STM32CubeIDE/workspace/stm32f103cb-adc/Middlewares/ST/ARM/DSP/Lib/libarm_cortexM3l_math.a(arm_bitreversal2.o)
                                        0xd4e (size before relaxing)
 .debug_str     0x0000000000070822       0x77 C:/Users/imprayudi/Documents/STM32CubeIDE/workspace/stm32f103cb-adc/Middlewares/ST/ARM/DSP/Lib/libarm_cortexM3l_math.a(arm_cmplx_mag_f32.o)
                                        0x70c (size before relaxing)
 .debug_str     0x0000000000070899       0x2e C:/Users/imprayudi/Documents/STM32CubeIDE/workspace/stm32f103cb-adc/Middlewares/ST/ARM/DSP/Lib/libarm_cortexM3l_math.a(arm_common_tables.o)
                                        0xcf5 (size before relaxing)
 .debug_str     0x00000000000708c7       0x4d C:/Users/imprayudi/Documents/STM32CubeIDE/workspace/stm32f103cb-adc/Middlewares/ST/ARM/DSP/Lib/libarm_cortexM3l_math.a(arm_cfft_radix8_f32.o)
                                        0x673 (size before relaxing)

.comment        0x0000000000000000       0xf0
 .comment       0x0000000000000000       0x7b Core/Src/main.o
                                         0x7c (size before relaxing)
 .comment       0x000000000000007b       0x7c Core/Src/stm32f1xx_hal_msp.o
 .comment       0x000000000000007b       0x7c Core/Src/stm32f1xx_it.o
 .comment       0x000000000000007b       0x7c Core/Src/system_stm32f1xx.o
 .comment       0x000000000000007b       0x7c Drivers/SSD1306/Src/ssd1306.o
 .comment       0x000000000000007b       0x7c Drivers/STM32F1xx_HAL_Driver/Src/stm32f1xx_hal.o
 .comment       0x000000000000007b       0x7c Drivers/STM32F1xx_HAL_Driver/Src/stm32f1xx_hal_adc.o
 .comment       0x000000000000007b       0x7c Drivers/STM32F1xx_HAL_Driver/Src/stm32f1xx_hal_cortex.o
 .comment       0x000000000000007b       0x7c Drivers/STM32F1xx_HAL_Driver/Src/stm32f1xx_hal_dma.o
 .comment       0x000000000000007b       0x7c Drivers/STM32F1xx_HAL_Driver/Src/stm32f1xx_hal_gpio.o
 .comment       0x000000000000007b       0x7c Drivers/STM32F1xx_HAL_Driver/Src/stm32f1xx_hal_i2c.o
 .comment       0x000000000000007b       0x7c Drivers/STM32F1xx_HAL_Driver/Src/stm32f1xx_hal_rcc.o
 .comment       0x000000000000007b       0x7c Drivers/STM32F1xx_HAL_Driver/Src/stm32f1xx_hal_rcc_ex.o
 .comment       0x000000000000007b       0x75 C:/Users/imprayudi/Documents/STM32CubeIDE/workspace/stm32f103cb-adc/Middlewares/ST/ARM/DSP/Lib/libarm_cortexM3l_math.a(arm_rfft_fast_init_f32.o)
                                         0x76 (size before relaxing)
 .comment       0x00000000000000f0       0x76 C:/Users/imprayudi/Documents/STM32CubeIDE/workspace/stm32f103cb-adc/Middlewares/ST/ARM/DSP/Lib/libarm_cortexM3l_math.a(arm_rfft_fast_f32.o)
 .comment       0x00000000000000f0       0x76 C:/Users/imprayudi/Documents/STM32CubeIDE/workspace/stm32f103cb-adc/Middlewares/ST/ARM/DSP/Lib/libarm_cortexM3l_math.a(arm_cfft_f32.o)
 .comment       0x00000000000000f0       0x76 C:/Users/imprayudi/Documents/STM32CubeIDE/workspace/stm32f103cb-adc/Middlewares/ST/ARM/DSP/Lib/libarm_cortexM3l_math.a(arm_bitreversal2.o)
 .comment       0x00000000000000f0       0x76 C:/Users/imprayudi/Documents/STM32CubeIDE/workspace/stm32f103cb-adc/Middlewares/ST/ARM/DSP/Lib/libarm_cortexM3l_math.a(arm_cmplx_mag_f32.o)
 .comment       0x00000000000000f0       0x76 C:/Users/imprayudi/Documents/STM32CubeIDE/workspace/stm32f103cb-adc/Middlewares/ST/ARM/DSP/Lib/libarm_cortexM3l_math.a(arm_common_tables.o)
 .comment       0x00000000000000f0       0x76 C:/Users/imprayudi/Documents/STM32CubeIDE/workspace/stm32f103cb-adc/Middlewares/ST/ARM/DSP/Lib/libarm_cortexM3l_math.a(arm_cfft_radix8_f32.o)

.debug_frame    0x0000000000000000     0x2bd0
 .debug_frame   0x0000000000000000      0x148 Core/Src/main.o
 .debug_frame   0x0000000000000148       0xc8 Core/Src/stm32f1xx_hal_msp.o
 .debug_frame   0x0000000000000210      0x128 Core/Src/stm32f1xx_it.o
 .debug_frame   0x0000000000000338       0x58 Core/Src/system_stm32f1xx.o
 .debug_frame   0x0000000000000390      0x414 Drivers/SSD1306/Src/ssd1306.o
 .debug_frame   0x00000000000007a4      0x334 Drivers/STM32F1xx_HAL_Driver/Src/stm32f1xx_hal.o
 .debug_frame   0x0000000000000ad8      0x40c Drivers/STM32F1xx_HAL_Driver/Src/stm32f1xx_hal_adc.o
 .debug_frame   0x0000000000000ee4      0x428 Drivers/STM32F1xx_HAL_Driver/Src/stm32f1xx_hal_cortex.o
 .debug_frame   0x000000000000130c      0x208 Drivers/STM32F1xx_HAL_Driver/Src/stm32f1xx_hal_dma.o
 .debug_frame   0x0000000000001514      0x14c Drivers/STM32F1xx_HAL_Driver/Src/stm32f1xx_hal_gpio.o
 .debug_frame   0x0000000000001660      0xc08 Drivers/STM32F1xx_HAL_Driver/Src/stm32f1xx_hal_i2c.o
 .debug_frame   0x0000000000002268      0x21c Drivers/STM32F1xx_HAL_Driver/Src/stm32f1xx_hal_rcc.o
 .debug_frame   0x0000000000002484       0x84 Drivers/STM32F1xx_HAL_Driver/Src/stm32f1xx_hal_rcc_ex.o
 .debug_frame   0x0000000000002508      0x100 C:/Users/imprayudi/Documents/STM32CubeIDE/workspace/stm32f103cb-adc/Middlewares/ST/ARM/DSP/Lib/libarm_cortexM3l_math.a(arm_rfft_fast_init_f32.o)
 .debug_frame   0x0000000000002608       0x9c C:/Users/imprayudi/Documents/STM32CubeIDE/workspace/stm32f103cb-adc/Middlewares/ST/ARM/DSP/Lib/libarm_cortexM3l_math.a(arm_rfft_fast_f32.o)
 .debug_frame   0x00000000000026a4       0xa8 C:/Users/imprayudi/Documents/STM32CubeIDE/workspace/stm32f103cb-adc/Middlewares/ST/ARM/DSP/Lib/libarm_cortexM3l_math.a(arm_cfft_f32.o)
 .debug_frame   0x000000000000274c       0x60 C:/Users/imprayudi/Documents/STM32CubeIDE/workspace/stm32f103cb-adc/Middlewares/ST/ARM/DSP/Lib/libarm_cortexM3l_math.a(arm_bitreversal2.o)
 .debug_frame   0x00000000000027ac       0x40 C:/Users/imprayudi/Documents/STM32CubeIDE/workspace/stm32f103cb-adc/Middlewares/ST/ARM/DSP/Lib/libarm_cortexM3l_math.a(arm_cmplx_mag_f32.o)
 .debug_frame   0x00000000000027ec       0x40 C:/Users/imprayudi/Documents/STM32CubeIDE/workspace/stm32f103cb-adc/Middlewares/ST/ARM/DSP/Lib/libarm_cortexM3l_math.a(arm_cfft_radix8_f32.o)
 .debug_frame   0x000000000000282c       0x20 c:/st/stm32cubeide_1.1.0/stm32cubeide/plugins/com.st.stm32cube.ide.mcu.externaltools.gnu-tools-for-stm32.7-2018-q2-update.win32_1.4.0.202007081208/tools/bin/../lib/gcc/arm-none-eabi/7.3.1/../../../../arm-none-eabi/lib/thumb/v7-m\libc_nano.a(lib_a-errno.o)
 .debug_frame   0x000000000000284c       0x2c c:/st/stm32cubeide_1.1.0/stm32cubeide/plugins/com.st.stm32cube.ide.mcu.externaltools.gnu-tools-for-stm32.7-2018-q2-update.win32_1.4.0.202007081208/tools/bin/../lib/gcc/arm-none-eabi/7.3.1/../../../../arm-none-eabi/lib/thumb/v7-m\libc_nano.a(lib_a-init.o)
 .debug_frame   0x0000000000002878       0x20 c:/st/stm32cubeide_1.1.0/stm32cubeide/plugins/com.st.stm32cube.ide.mcu.externaltools.gnu-tools-for-stm32.7-2018-q2-update.win32_1.4.0.202007081208/tools/bin/../lib/gcc/arm-none-eabi/7.3.1/../../../../arm-none-eabi/lib/thumb/v7-m\libc_nano.a(lib_a-memset.o)
 .debug_frame   0x0000000000002898       0x38 c:/st/stm32cubeide_1.1.0/stm32cubeide/plugins/com.st.stm32cube.ide.mcu.externaltools.gnu-tools-for-stm32.7-2018-q2-update.win32_1.4.0.202007081208/tools/bin/../lib/gcc/arm-none-eabi/7.3.1/../../../../arm-none-eabi/lib/thumb/v7-m\libm.a(lib_a-wf_sqrt.o)
 .debug_frame   0x00000000000028d0       0x2c c:/st/stm32cubeide_1.1.0/stm32cubeide/plugins/com.st.stm32cube.ide.mcu.externaltools.gnu-tools-for-stm32.7-2018-q2-update.win32_1.4.0.202007081208/tools/bin/../lib/gcc/arm-none-eabi/7.3.1/../../../../arm-none-eabi/lib/thumb/v7-m\libm.a(lib_a-ef_sqrt.o)
 .debug_frame   0x00000000000028fc       0x20 c:/st/stm32cubeide_1.1.0/stm32cubeide/plugins/com.st.stm32cube.ide.mcu.externaltools.gnu-tools-for-stm32.7-2018-q2-update.win32_1.4.0.202007081208/tools/bin/../lib/gcc/arm-none-eabi/7.3.1/../../../../arm-none-eabi/lib/thumb/v7-m\libm.a(lib_a-s_matherr.o)
 .debug_frame   0x000000000000291c       0xac c:/st/stm32cubeide_1.1.0/stm32cubeide/plugins/com.st.stm32cube.ide.mcu.externaltools.gnu-tools-for-stm32.7-2018-q2-update.win32_1.4.0.202007081208/tools/bin/../lib/gcc/arm-none-eabi/7.3.1/thumb/v7-m\libgcc.a(_arm_addsubdf3.o)
 .debug_frame   0x00000000000029c8       0x50 c:/st/stm32cubeide_1.1.0/stm32cubeide/plugins/com.st.stm32cube.ide.mcu.externaltools.gnu-tools-for-stm32.7-2018-q2-update.win32_1.4.0.202007081208/tools/bin/../lib/gcc/arm-none-eabi/7.3.1/thumb/v7-m\libgcc.a(_arm_muldivdf3.o)
 .debug_frame   0x0000000000002a18       0x24 c:/st/stm32cubeide_1.1.0/stm32cubeide/plugins/com.st.stm32cube.ide.mcu.externaltools.gnu-tools-for-stm32.7-2018-q2-update.win32_1.4.0.202007081208/tools/bin/../lib/gcc/arm-none-eabi/7.3.1/thumb/v7-m\libgcc.a(_arm_truncdfsf2.o)
 .debug_frame   0x0000000000002a3c       0x4c c:/st/stm32cubeide_1.1.0/stm32cubeide/plugins/com.st.stm32cube.ide.mcu.externaltools.gnu-tools-for-stm32.7-2018-q2-update.win32_1.4.0.202007081208/tools/bin/../lib/gcc/arm-none-eabi/7.3.1/thumb/v7-m\libgcc.a(_arm_addsubsf3.o)
 .debug_frame   0x0000000000002a88       0x38 c:/st/stm32cubeide_1.1.0/stm32cubeide/plugins/com.st.stm32cube.ide.mcu.externaltools.gnu-tools-for-stm32.7-2018-q2-update.win32_1.4.0.202007081208/tools/bin/../lib/gcc/arm-none-eabi/7.3.1/thumb/v7-m\libgcc.a(_arm_muldivsf3.o)
 .debug_frame   0x0000000000002ac0       0xc8 c:/st/stm32cubeide_1.1.0/stm32cubeide/plugins/com.st.stm32cube.ide.mcu.externaltools.gnu-tools-for-stm32.7-2018-q2-update.win32_1.4.0.202007081208/tools/bin/../lib/gcc/arm-none-eabi/7.3.1/thumb/v7-m\libgcc.a(_arm_cmpsf2.o)
 .debug_frame   0x0000000000002b88       0x24 c:/st/stm32cubeide_1.1.0/stm32cubeide/plugins/com.st.stm32cube.ide.mcu.externaltools.gnu-tools-for-stm32.7-2018-q2-update.win32_1.4.0.202007081208/tools/bin/../lib/gcc/arm-none-eabi/7.3.1/thumb/v7-m\libgcc.a(_arm_unordsf2.o)
 .debug_frame   0x0000000000002bac       0x24 c:/st/stm32cubeide_1.1.0/stm32cubeide/plugins/com.st.stm32cube.ide.mcu.externaltools.gnu-tools-for-stm32.7-2018-q2-update.win32_1.4.0.202007081208/tools/bin/../lib/gcc/arm-none-eabi/7.3.1/thumb/v7-m\libgcc.a(_arm_fixunssfsi.o)

.debug_loc      0x0000000000000000     0x4186
 .debug_loc     0x0000000000000000      0x67f C:/Users/imprayudi/Documents/STM32CubeIDE/workspace/stm32f103cb-adc/Middlewares/ST/ARM/DSP/Lib/libarm_cortexM3l_math.a(arm_rfft_fast_init_f32.o)
 .debug_loc     0x000000000000067f      0xa73 C:/Users/imprayudi/Documents/STM32CubeIDE/workspace/stm32f103cb-adc/Middlewares/ST/ARM/DSP/Lib/libarm_cortexM3l_math.a(arm_rfft_fast_f32.o)
 .debug_loc     0x00000000000010f2     0x18f9 C:/Users/imprayudi/Documents/STM32CubeIDE/workspace/stm32f103cb-adc/Middlewares/ST/ARM/DSP/Lib/libarm_cortexM3l_math.a(arm_cfft_f32.o)
 .debug_loc     0x00000000000029eb      0x1e2 C:/Users/imprayudi/Documents/STM32CubeIDE/workspace/stm32f103cb-adc/Middlewares/ST/ARM/DSP/Lib/libarm_cortexM3l_math.a(arm_bitreversal2.o)
 .debug_loc     0x0000000000002bcd      0x4e8 C:/Users/imprayudi/Documents/STM32CubeIDE/workspace/stm32f103cb-adc/Middlewares/ST/ARM/DSP/Lib/libarm_cortexM3l_math.a(arm_cmplx_mag_f32.o)
 .debug_loc     0x00000000000030b5     0x10d1 C:/Users/imprayudi/Documents/STM32CubeIDE/workspace/stm32f103cb-adc/Middlewares/ST/ARM/DSP/Lib/libarm_cortexM3l_math.a(arm_cfft_radix8_f32.o)
