ssd1306.c:60:6:SSD1306_ScrollRight	16	static
ssd1306.c:73:6:SSD1306_ScrollLeft	16	static
ssd1306.c:86:6:SSD1306_Scrolldiagright	16	static
ssd1306.c:102:6:SSD1306_Scrolldiagleft	16	static
ssd1306.c:118:6:SSD1306_Stopscroll	8	static
ssd1306.c:125:6:SSD1306_InvertDisplay	16	static
ssd1306.c:134:6:SSD1306_DrawBitmap	32	static
ssd1306.c:244:9:SSD1306_Init	16	static
ssd1306.c:310:6:SSD1306_UpdateScreen	16	static
ssd1306.c:323:6:SSD1306_ToggleInvert	16	static
ssd1306.c:335:6:SSD1306_Fill	16	static
ssd1306.c:340:6:SSD1306_DrawPixel	16	static
ssd1306.c:362:6:SSD1306_GotoXY	16	static
ssd1306.c:368:6:SSD1306_Putc	32	static
ssd1306.c:399:6:SSD1306_Puts	24	static
ssd1306.c:417:6:SSD1306_DrawLine	40	static
ssd1306.c:501:6:SSD1306_DrawRectangle	32	static
ssd1306.c:526:6:SSD1306_DrawFilledRectangle	40	static
ssd1306.c:553:6:SSD1306_DrawTriangle	32	static
ssd1306.c:561:6:SSD1306_DrawFilledTriangle	64	static
ssd1306.c:617:6:SSD1306_DrawCircle	40	static
ssd1306.c:651:6:SSD1306_DrawFilledCircle	48	static
ssd1306.c:684:6:SSD1306_Clear	8	static
ssd1306.c:689:6:SSD1306_ON	8	static
ssd1306.c:694:6:SSD1306_OFF	8	static
ssd1306.c:710:6:ssd1306_I2C_Init	16	static
ssd1306.c:722:6:ssd1306_I2C_WriteMulti	296	static
ssd1306.c:732:6:ssd1306_I2C_Write	32	static
